Component: ARM Compiler 5.06 update 4 (build 422) Tool: armlink [4d35d2]

==============================================================================

Section Cross References

    multimeter.o(i.ADC_IRQHandler) refers to dflt_clz.o(x$fpl$dfltu) for __aeabi_ui2d
    multimeter.o(i.ADC_IRQHandler) refers to multimeter.o(.data) for ADC_result
    multimeter.o(i.EXTI15_10_IRQHandler) refers to multimeter.o(.data) for mode
    multimeter.o(i.EXTI9_5_IRQHandler) refers to multimeter.o(.data) for mode
    multimeter.o(i.SysTick_Handler) refers to multimeter.o(.data) for ticks
    multimeter.o(i.initialise) refers to multimeter.o(i.__NVIC_EnableIRQ) for __NVIC_EnableIRQ
    multimeter.o(i.main) refers to _printf_percent.o(.ARM.Collect$$_printf_percent$$00000000) for _printf_percent
    multimeter.o(i.main) refers to _printf_s.o(.ARM.Collect$$_printf_percent$$00000014) for _printf_s
    multimeter.o(i.main) refers to _printf_str.o(.text) for _printf_str
    multimeter.o(i.main) refers to _printf_f.o(.ARM.Collect$$_printf_percent$$00000003) for _printf_f
    multimeter.o(i.main) refers to printf1.o(x$fpl$printf1) for _printf_fp_dec
    multimeter.o(i.main) refers to _printf_g.o(.ARM.Collect$$_printf_percent$$00000005) for _printf_g
    multimeter.o(i.main) refers to system_stm32f4xx.o(i.SystemCoreClockUpdate) for SystemCoreClockUpdate
    multimeter.o(i.main) refers to multimeter.o(i.initialise) for initialise
    multimeter.o(i.main) refers to pb_lcd_drivers.o(i.PB_LCD_Init) for PB_LCD_Init
    multimeter.o(i.main) refers to pb_lcd_drivers.o(i.PB_LCD_Clear) for PB_LCD_Clear
    multimeter.o(i.main) refers to noretval__2snprintf.o(.text) for __2snprintf
    multimeter.o(i.main) refers to pb_lcd_drivers.o(i.PB_LCD_WriteString) for PB_LCD_WriteString
    multimeter.o(i.main) refers to pb_lcd_drivers.o(i.PB_LCD_GoToXY) for PB_LCD_GoToXY
    multimeter.o(i.main) refers to ddiv.o(x$fpl$ddiv) for __aeabi_ddiv
    multimeter.o(i.main) refers to multimeter.o(i.wait) for wait
    multimeter.o(i.main) refers to dmul.o(x$fpl$dmul) for __aeabi_dmul
    multimeter.o(i.main) refers to daddsub_clz.o(x$fpl$drsb) for __aeabi_drsub
    multimeter.o(i.main) refers to system_stm32f4xx.o(.data) for SystemCoreClock
    multimeter.o(i.main) refers to multimeter.o(.data) for str
    multimeter.o(i.main) refers to multimeter.o(.bss) for buffer
    multimeter.o(i.wait) refers to multimeter.o(.data) for ticks
    pb_lcd_drivers.o(i.PB_LCD_Clear) refers to pb_lcd_drivers.o(i.PB_LCD_IsBusy) for PB_LCD_IsBusy
    pb_lcd_drivers.o(i.PB_LCD_Clear) refers to pb_lcd_drivers.o(i.PB_LCD_Write) for PB_LCD_Write
    pb_lcd_drivers.o(i.PB_LCD_GoToXY) refers to pb_lcd_drivers.o(i.PB_LCD_IsBusy) for PB_LCD_IsBusy
    pb_lcd_drivers.o(i.PB_LCD_GoToXY) refers to pb_lcd_drivers.o(i.PB_LCD_Write) for PB_LCD_Write
    pb_lcd_drivers.o(i.PB_LCD_Init) refers to pb_lcd_drivers.o(i.PB_LCD_Set_As_Output) for PB_LCD_Set_As_Output
    pb_lcd_drivers.o(i.PB_LCD_Init) refers to pb_lcd_drivers.o(i.PB_LCD_IsBusy) for PB_LCD_IsBusy
    pb_lcd_drivers.o(i.PB_LCD_Init) refers to pb_lcd_drivers.o(i.PB_LCD_Microdelay) for PB_LCD_Microdelay
    pb_lcd_drivers.o(i.PB_LCD_Init) refers to pb_lcd_drivers.o(i.PB_LCD_Write) for PB_LCD_Write
    pb_lcd_drivers.o(i.PB_LCD_IsBusy) refers to pb_lcd_drivers.o(i.PB_LCD_Set_As_Input) for PB_LCD_Set_As_Input
    pb_lcd_drivers.o(i.PB_LCD_IsBusy) refers to pb_lcd_drivers.o(i.PB_LCD_Microdelay) for PB_LCD_Microdelay
    pb_lcd_drivers.o(i.PB_LCD_IsBusy) refers to pb_lcd_drivers.o(i.PB_LCD_Set_As_Output) for PB_LCD_Set_As_Output
    pb_lcd_drivers.o(i.PB_LCD_Microdelay) refers to system_stm32f4xx.o(.data) for SystemCoreClock
    pb_lcd_drivers.o(i.PB_LCD_Write) refers to pb_lcd_drivers.o(i.PB_LCD_Microdelay) for PB_LCD_Microdelay
    pb_lcd_drivers.o(i.PB_LCD_WriteChar) refers to pb_lcd_drivers.o(i.PB_LCD_IsBusy) for PB_LCD_IsBusy
    pb_lcd_drivers.o(i.PB_LCD_WriteChar) refers to pb_lcd_drivers.o(i.PB_LCD_Write) for PB_LCD_Write
    pb_lcd_drivers.o(i.PB_LCD_WriteString) refers to pb_lcd_drivers.o(i.PB_LCD_IsBusy) for PB_LCD_IsBusy
    pb_lcd_drivers.o(i.PB_LCD_WriteString) refers to pb_lcd_drivers.o(i.PB_LCD_Write) for PB_LCD_Write
    buttons_f429discovery.o(i.Buttons_GetState) refers to stm32f4xx_hal_gpio.o(i.HAL_GPIO_ReadPin) for HAL_GPIO_ReadPin
    buttons_f429discovery.o(i.Buttons_Initialize) refers to stm32f4xx_hal_gpio.o(i.HAL_GPIO_Init) for HAL_GPIO_Init
    buttons_f429discovery.o(i.Buttons_Uninitialize) refers to stm32f4xx_hal_gpio.o(i.HAL_GPIO_DeInit) for HAL_GPIO_DeInit
    led_f429discovery.o(i.LED_Initialize) refers to stm32f4xx_hal_gpio.o(i.HAL_GPIO_Init) for HAL_GPIO_Init
    led_f429discovery.o(i.LED_Off) refers to stm32f4xx_hal_gpio.o(i.HAL_GPIO_WritePin) for HAL_GPIO_WritePin
    led_f429discovery.o(i.LED_Off) refers to led_f429discovery.o(.constdata) for LED_PIN
[...]
    libinit2.o(.ARM.Collect$$libinit$$00000018) refers to libinit2.o(.ARM.Collect$$libinit$$0000000F) for .ARM.Collect$$libinit$$0000000F
    libinit2.o(.ARM.Collect$$libinit$$00000026) refers to argv_veneer.o(.emb_text) for __ARM_argv_veneer
    libinit2.o(.ARM.Collect$$libinit$$00000027) refers to argv_veneer.o(.emb_text) for __ARM_argv_veneer
    rtexit.o(.ARM.Collect$$rtexit$$00000000) refers (Special) to rtexit2.o(.ARM.Collect$$rtexit$$00000004) for __rt_exit_exit
    rtexit.o(.ARM.Collect$$rtexit$$00000000) refers (Special) to rtexit2.o(.ARM.Collect$$rtexit$$00000003) for __rt_exit_ls
    rtexit.o(.ARM.Collect$$rtexit$$00000000) refers (Special) to rtexit2.o(.ARM.Collect$$rtexit$$00000002) for __rt_exit_prels_1
    rtexit.o(.ARM.exidx) refers (Special) to rtexit2.o(.ARM.Collect$$rtexit$$00000004) for __rt_exit_exit
    rtexit.o(.ARM.exidx) refers (Special) to rtexit2.o(.ARM.Collect$$rtexit$$00000003) for __rt_exit_ls
    rtexit.o(.ARM.exidx) refers (Special) to rtexit2.o(.ARM.Collect$$rtexit$$00000002) for __rt_exit_prels_1
    rtexit.o(.ARM.exidx) refers to rtexit.o(.ARM.Collect$$rtexit$$00000000) for .ARM.Collect$$rtexit$$00000000
    rt_raise.o(.text) refers to __raise.o(.text) for __raise
    rt_raise.o(.text) refers to sys_exit.o(.text) for _sys_exit
    defsig_exit.o(.text) refers to sys_exit.o(.text) for _sys_exit
    defsig_fpe_inner.o(.text) refers to defsig_general.o(.text) for __default_signal_display
    argv_veneer.o(.emb_text) refers to no_argv.o(.text) for __ARM_get_argv
    sys_exit.o(.text) refers (Special) to use_no_semi.o(.text) for __I$use$semihosting
    sys_exit.o(.text) refers (Special) to indicate_semi.o(.text) for __semihosting_library_function
    rtexit2.o(.ARM.Collect$$rtexit$$00000003) refers to libshutdown.o(.ARM.Collect$$libshutdown$$00000000) for __rt_lib_shutdown
    rtexit2.o(.ARM.Collect$$rtexit$$00000004) refers to sys_exit.o(.text) for _sys_exit
    rtexit2.o(.ARM.exidx) refers to rtexit2.o(.ARM.Collect$$rtexit$$00000001) for .ARM.Collect$$rtexit$$00000001
    rtexit2.o(.ARM.exidx) refers to rtexit2.o(.ARM.Collect$$rtexit$$00000003) for .ARM.Collect$$rtexit$$00000003
    rtexit2.o(.ARM.exidx) refers to rtexit2.o(.ARM.Collect$$rtexit$$00000004) for .ARM.Collect$$rtexit$$00000004
    __raise.o(.text) refers to defsig.o(CL$$defsig) for __default_signal_handler
    defsig_general.o(.text) refers to sys_wrch.o(.text) for _ttywrch
    _get_argv_nomalloc.o(.text) refers (Special) to hrguard.o(.text) for __heap_region$guard
    _get_argv_nomalloc.o(.text) refers to defsig_rtmem_outer.o(.text) for __rt_SIGRTMEM
    _get_argv_nomalloc.o(.text) refers to sys_command.o(.text) for _sys_command_string
    sys_wrch.o(.text) refers (Special) to use_no_semi.o(.text) for __I$use$semihosting
    sys_wrch.o(.text) refers (Special) to indicate_semi.o(.text) for __semihosting_library_function
    sys_command.o(.text) refers (Special) to use_no_semi.o(.text) for __I$use$semihosting
    sys_command.o(.text) refers (Special) to indicate_semi.o(.text) for __semihosting_library_function
    defsig_rtmem_outer.o(.text) refers to defsig_rtmem_inner.o(.text) for __rt_SIGRTMEM_inner
    defsig_rtmem_outer.o(.text) refers to defsig_exit.o(.text) for __sig_exit
    defsig_rtmem_formal.o(.text) refers to rt_raise.o(.text) for __rt_raise
    defsig.o(CL$$defsig) refers to defsig_fpe_inner.o(.text) for __rt_SIGFPE_inner
    defsig.o(CL$$defsig) refers to defsig_rtmem_inner.o(.text) for __rt_SIGRTMEM_inner
    libshutdown.o(.ARM.Collect$$libshutdown$$00000000) refers (Special) to libshutdown2.o(.ARM.Collect$$libshutdown$$00000002) for __rt_lib_shutdown_cpp_1
    libshutdown.o(.ARM.Collect$$libshutdown$$00000000) refers (Special) to libshutdown2.o(.ARM.Collect$$libshutdown$$00000007) for __rt_lib_shutdown_fp_trap_1
    libshutdown.o(.ARM.Collect$$libshutdown$$00000000) refers (Special) to libshutdown2.o(.ARM.Collect$$libshutdown$$0000000F) for __rt_lib_shutdown_heap_1
    libshutdown.o(.ARM.Collect$$libshutdown$$00000000) refers (Special) to libshutdown2.o(.ARM.Collect$$libshutdown$$00000010) for __rt_lib_shutdown_return
    libshutdown.o(.ARM.Collect$$libshutdown$$00000000) refers (Special) to libshutdown2.o(.ARM.Collect$$libshutdown$$0000000A) for __rt_lib_shutdown_signal_1
    libshutdown.o(.ARM.Collect$$libshutdown$$00000000) refers (Special) to libshutdown2.o(.ARM.Collect$$libshutdown$$00000004) for __rt_lib_shutdown_stdio_1
    libshutdown.o(.ARM.Collect$$libshutdown$$00000000) refers (Special) to libshutdown2.o(.ARM.Collect$$libshutdown$$0000000C) for __rt_lib_shutdown_user_alloc_1
    defsig_abrt_inner.o(.text) refers to defsig_general.o(.text) for __default_signal_display
    defsig_rtred_inner.o(.text) refers to defsig_general.o(.text) for __default_signal_display
    defsig_rtmem_inner.o(.text) refers to defsig_general.o(.text) for __default_signal_display
    defsig_stak_inner.o(.text) refers to defsig_general.o(.text) for __default_signal_display
    defsig_pvfn_inner.o(.text) refers to defsig_general.o(.text) for __default_signal_display
    defsig_cppl_inner.o(.text) refers to defsig_general.o(.text) for __default_signal_display
    defsig_segv_inner.o(.text) refers to defsig_general.o(.text) for __default_signal_display
    defsig_other.o(.text) refers to defsig_general.o(.text) for __default_signal_display


==============================================================================

Removing Unused input sections from the image.

    Removing multimeter.o(.rev16_text), (4 bytes).
    Removing multimeter.o(.revsh_text), (4 bytes).
    Removing multimeter.o(.rrx_text), (6 bytes).
    Removing multimeter.o(i.ButtonPressed), (44 bytes).
    Removing pb_lcd_drivers.o(.rev16_text), (4 bytes).
    Removing pb_lcd_drivers.o(.revsh_text), (4 bytes).
    Removing pb_lcd_drivers.o(.rrx_text), (6 bytes).
    Removing pb_lcd_drivers.o(i.PB_LCD_WriteChar), (24 bytes).
    Removing buttons_f429discovery.o(.rev16_text), (4 bytes).
    Removing buttons_f429discovery.o(.revsh_text), (4 bytes).
    Removing buttons_f429discovery.o(.rrx_text), (6 bytes).
    Removing buttons_f429discovery.o(i.Buttons_GetCount), (4 bytes).
    Removing buttons_f429discovery.o(i.Buttons_GetState), (28 bytes).
    Removing buttons_f429discovery.o(i.Buttons_Initialize), (68 bytes).
    Removing buttons_f429discovery.o(i.Buttons_Uninitialize), (20 bytes).
    Removing led_f429discovery.o(.rev16_text), (4 bytes).
    Removing led_f429discovery.o(.revsh_text), (4 bytes).
    Removing led_f429discovery.o(.rrx_text), (6 bytes).
    Removing led_f429discovery.o(i.LED_GetCount), (4 bytes).
    Removing led_f429discovery.o(i.LED_Initialize), (76 bytes).
    Removing led_f429discovery.o(i.LED_Off), (44 bytes).
    Removing led_f429discovery.o(i.LED_On), (44 bytes).
    Removing led_f429discovery.o(i.LED_SetOut), (40 bytes).
    Removing led_f429discovery.o(i.LED_Uninitialize), (20 bytes).
    Removing led_f429discovery.o(.constdata), (16 bytes).
    Removing stm32f4xx_hal.o(.rev16_text), (4 bytes).
    Removing stm32f4xx_hal.o(.revsh_text), (4 bytes).
    Removing stm32f4xx_hal.o(.rrx_text), (6 bytes).
    Removing stm32f4xx_hal.o(i.HAL_DBGMCU_DisableDBGSleepMode), (20 bytes).
    Removing stm32f4xx_hal.o(i.HAL_DBGMCU_DisableDBGStandbyMode), (20 bytes).
    Removing stm32f4xx_hal.o(i.HAL_DBGMCU_DisableDBGStopMode), (20 bytes).
    Removing stm32f4xx_hal.o(i.HAL_DBGMCU_EnableDBGSleepMode), (20 bytes).
    Removing stm32f4xx_hal.o(i.HAL_DBGMCU_EnableDBGStandbyMode), (20 bytes).
    Removing stm32f4xx_hal.o(i.HAL_DBGMCU_EnableDBGStopMode), (20 bytes).
    Removing stm32f4xx_hal.o(i.HAL_DeInit), (68 bytes).
    Removing stm32f4xx_hal.o(i.HAL_Delay), (40 bytes).
    Removing stm32f4xx_hal.o(i.HAL_DisableCompensationCell), (12 bytes).
    Removing stm32f4xx_hal.o(i.HAL_EnableCompensationCell), (12 bytes).
    Removing stm32f4xx_hal.o(i.HAL_GetDEVID), (16 bytes).
    Removing stm32f4xx_hal.o(i.HAL_GetHalVersion), (8 bytes).
    Removing stm32f4xx_hal.o(i.HAL_GetREVID), (12 bytes).
    Removing stm32f4xx_hal.o(i.HAL_GetTick), (12 bytes).
    Removing stm32f4xx_hal.o(i.HAL_GetTickFreq), (12 bytes).
    Removing stm32f4xx_hal.o(i.HAL_GetTickPrio), (12 bytes).
    Removing stm32f4xx_hal.o(i.HAL_GetUIDw0), (12 bytes).
    Removing stm32f4xx_hal.o(i.HAL_GetUIDw1), (12 bytes).
    Removing stm32f4xx_hal.o(i.HAL_GetUIDw2), (12 bytes).
    Removing stm32f4xx_hal.o(i.HAL_IncTick), (24 bytes).
    Removing stm32f4xx_hal.o(i.HAL_Init), (48 bytes).
    Removing stm32f4xx_hal.o(i.HAL_InitTick), (76 bytes).
    Removing stm32f4xx_hal.o(i.HAL_MspDeInit), (2 bytes).
    Removing stm32f4xx_hal.o(i.HAL_MspInit), (2 bytes).
    Removing stm32f4xx_hal.o(i.HAL_ResumeTick), (18 bytes).
    Removing stm32f4xx_hal.o(i.HAL_SetTickFreq), (40 bytes).
    Removing stm32f4xx_hal.o(i.HAL_SuspendTick), (18 bytes).
    Removing stm32f4xx_hal.o(.data), (9 bytes).
    Removing stm32f4xx_hal_cortex.o(.rev16_text), (4 bytes).
    Removing stm32f4xx_hal_cortex.o(.revsh_text), (4 bytes).
    Removing stm32f4xx_hal_cortex.o(.rrx_text), (6 bytes).
    Removing stm32f4xx_hal_cortex.o(i.HAL_MPU_ConfigRegion), (92 bytes).
    Removing stm32f4xx_hal_cortex.o(i.HAL_MPU_Disable), (44 bytes).
    Removing stm32f4xx_hal_cortex.o(i.HAL_MPU_Enable), (64 bytes).
    Removing stm32f4xx_hal_cortex.o(i.HAL_NVIC_ClearPendingIRQ), (36 bytes).
    Removing stm32f4xx_hal_cortex.o(i.HAL_NVIC_DisableIRQ), (68 bytes).
    Removing stm32f4xx_hal_cortex.o(i.HAL_NVIC_EnableIRQ), (40 bytes).
    Removing stm32f4xx_hal_cortex.o(i.HAL_NVIC_GetActive), (48 bytes).
    Removing stm32f4xx_hal_cortex.o(i.HAL_NVIC_GetPendingIRQ), (48 bytes).
    Removing stm32f4xx_hal_cortex.o(i.HAL_NVIC_GetPriority), (148 bytes).
    Removing stm32f4xx_hal_cortex.o(i.HAL_NVIC_GetPriorityGrouping), (8 bytes).
    Removing stm32f4xx_hal_cortex.o(i.HAL_NVIC_SetPendingIRQ), (36 bytes).
    Removing stm32f4xx_hal_cortex.o(i.HAL_NVIC_SetPriority), (124 bytes).
    Removing stm32f4xx_hal_cortex.o(i.HAL_NVIC_SetPriorityGrouping), (40 bytes).
    Removing stm32f4xx_hal_cortex.o(i.HAL_NVIC_SystemReset), (68 bytes).
    Removing stm32f4xx_hal_cortex.o(i.HAL_SYSTICK_CLKSourceConfig), (40 bytes).
    Removing stm32f4xx_hal_cortex.o(i.HAL_SYSTICK_Callback), (2 bytes).
    Removing stm32f4xx_hal_cortex.o(i.HAL_SYSTICK_Config), (52 bytes).
    Removing stm32f4xx_hal_cortex.o(i.HAL_SYSTICK_IRQHandler), (8 bytes).
    Removing stm32f4xx_hal_cortex.o(i.__NVIC_GetPriorityGrouping), (16 bytes).
    Removing stm32f4xx_hal_cortex.o(i.__NVIC_SetPriority), (40 bytes).
    Removing stm32f4xx_hal_gpio.o(.rev16_text), (4 bytes).
    Removing stm32f4xx_hal_gpio.o(.revsh_text), (4 bytes).
    Removing stm32f4xx_hal_gpio.o(.rrx_text), (6 bytes).
    Removing stm32f4xx_hal_gpio.o(i.HAL_GPIO_DeInit), (356 bytes).
    Removing stm32f4xx_hal_gpio.o(i.HAL_GPIO_EXTI_Callback), (2 bytes).
    Removing stm32f4xx_hal_gpio.o(i.HAL_GPIO_EXTI_IRQHandler), (28 bytes).
    Removing stm32f4xx_hal_gpio.o(i.HAL_GPIO_Init), (512 bytes).
    Removing stm32f4xx_hal_gpio.o(i.HAL_GPIO_LockPin), (46 bytes).
    Removing stm32f4xx_hal_gpio.o(i.HAL_GPIO_ReadPin), (16 bytes).
    Removing stm32f4xx_hal_gpio.o(i.HAL_GPIO_TogglePin), (18 bytes).
    Removing stm32f4xx_hal_gpio.o(i.HAL_GPIO_WritePin), (12 bytes).
    Removing stm32f4xx_hal_pwr.o(.rev16_text), (4 bytes).
    Removing stm32f4xx_hal_pwr.o(.revsh_text), (4 bytes).
    Removing stm32f4xx_hal_pwr.o(.rrx_text), (6 bytes).
    Removing stm32f4xx_hal_pwr.o(i.HAL_PWR_ConfigPVD), (180 bytes).
    Removing stm32f4xx_hal_pwr.o(i.HAL_PWR_DeInit), (28 bytes).
    Removing stm32f4xx_hal_pwr.o(i.HAL_PWR_DisableBkUpAccess), (12 bytes).
    Removing stm32f4xx_hal_pwr.o(i.HAL_PWR_DisablePVD), (12 bytes).
    Removing stm32f4xx_hal_pwr.o(i.HAL_PWR_DisableSEVOnPend), (20 bytes).
    Removing stm32f4xx_hal_pwr.o(i.HAL_PWR_DisableSleepOnExit), (20 bytes).
    Removing stm32f4xx_hal_pwr.o(i.HAL_PWR_DisableWakeUpPin), (16 bytes).
    Removing stm32f4xx_hal_pwr.o(i.HAL_PWR_EnableBkUpAccess), (12 bytes).
    Removing stm32f4xx_hal_pwr.o(i.HAL_PWR_EnablePVD), (12 bytes).
    Removing stm32f4xx_hal_pwr.o(i.HAL_PWR_EnableSEVOnPend), (20 bytes).
    Removing stm32f4xx_hal_pwr.o(i.HAL_PWR_EnableSleepOnExit), (20 bytes).
    Removing stm32f4xx_hal_pwr.o(i.HAL_PWR_EnableWakeUpPin), (16 bytes).
    Removing stm32f4xx_hal_pwr.o(i.HAL_PWR_EnterSLEEPMode), (32 bytes).
    Removing stm32f4xx_hal_pwr.o(i.HAL_PWR_EnterSTANDBYMode), (40 bytes).
    Removing stm32f4xx_hal_pwr.o(i.HAL_PWR_EnterSTOPMode), (64 bytes).
    Removing stm32f4xx_hal_pwr.o(i.HAL_PWR_PVDCallback), (2 bytes).
    Removing stm32f4xx_hal_pwr.o(i.HAL_PWR_PVD_IRQHandler), (32 bytes).
    Removing stm32f4xx_hal_pwr_ex.o(.rev16_text), (4 bytes).
    Removing stm32f4xx_hal_pwr_ex.o(.revsh_text), (4 bytes).
    Removing stm32f4xx_hal_pwr_ex.o(.rrx_text), (6 bytes).
    Removing stm32f4xx_hal_pwr_ex.o(i.HAL_PWREx_ControlVoltageScaling), (120 bytes).
    Removing stm32f4xx_hal_pwr_ex.o(i.HAL_PWREx_DisableBkUpReg), (60 bytes).
    Removing stm32f4xx_hal_pwr_ex.o(i.HAL_PWREx_DisableFlashPowerDown), (12 bytes).
    Removing stm32f4xx_hal_pwr_ex.o(i.HAL_PWREx_EnableBkUpReg), (60 bytes).
    Removing stm32f4xx_hal_pwr_ex.o(i.HAL_PWREx_EnableFlashPowerDown), (12 bytes).
    Removing stm32f4xx_hal_pwr_ex.o(i.HAL_PWREx_GetVoltageRange), (16 bytes).
    Removing stm32f4xx_hal_rcc.o(.rev16_text), (4 bytes).
    Removing stm32f4xx_hal_rcc.o(.revsh_text), (4 bytes).
    Removing stm32f4xx_hal_rcc.o(.rrx_text), (6 bytes).
    Removing stm32f4xx_hal_rcc.o(i.HAL_RCC_CSSCallback), (2 bytes).
    Removing stm32f4xx_hal_rcc.o(i.HAL_RCC_ClockConfig), (384 bytes).
    Removing stm32f4xx_hal_rcc.o(i.HAL_RCC_DeInit), (4 bytes).
    Removing stm32f4xx_hal_rcc.o(i.HAL_RCC_DisableCSS), (12 bytes).
    Removing stm32f4xx_hal_rcc.o(i.HAL_RCC_EnableCSS), (12 bytes).
    Removing stm32f4xx_hal_rcc.o(i.HAL_RCC_GetClockConfig), (68 bytes).
    Removing stm32f4xx_hal_rcc.o(i.HAL_RCC_GetHCLKFreq), (12 bytes).
    Removing stm32f4xx_hal_rcc.o(i.HAL_RCC_GetOscConfig), (244 bytes).
    Removing stm32f4xx_hal_rcc.o(i.HAL_RCC_GetPCLK1Freq), (32 bytes).
    Removing stm32f4xx_hal_rcc.o(i.HAL_RCC_GetPCLK2Freq), (32 bytes).
    Removing stm32f4xx_hal_rcc.o(i.HAL_RCC_GetSysClockFreq), (176 bytes).
    Removing stm32f4xx_hal_rcc.o(i.HAL_RCC_MCOConfig), (192 bytes).
    Removing stm32f4xx_hal_rcc.o(i.HAL_RCC_NMI_IRQHandler), (32 bytes).
    Removing stm32f4xx_hal_rcc.o(i.HAL_RCC_OscConfig), (1096 bytes).
    Removing stm32f4xx_hal_rcc_ex.o(.rev16_text), (4 bytes).
    Removing stm32f4xx_hal_rcc_ex.o(.revsh_text), (4 bytes).
    Removing stm32f4xx_hal_rcc_ex.o(.rrx_text), (6 bytes).
    Removing stm32f4xx_hal_rcc_ex.o(i.HAL_RCCEx_DisablePLLI2S), (56 bytes).
    Removing stm32f4xx_hal_rcc_ex.o(i.HAL_RCCEx_EnablePLLI2S), (112 bytes).
    Removing stm32f4xx_hal_rcc_ex.o(i.HAL_RCCEx_GetPeriphCLKConfig), (56 bytes).
    Removing stm32f4xx_hal_rcc_ex.o(i.HAL_RCCEx_GetPeriphCLKFreq), (144 bytes).
    Removing stm32f4xx_hal_rcc_ex.o(i.HAL_RCCEx_PeriphCLKConfig), (416 bytes).
    Removing stm32f4xx_hal_rcc_ex.o(i.HAL_RCC_DeInit), (376 bytes).
    Removing system_stm32f4xx.o(.rev16_text), (4 bytes).
    Removing system_stm32f4xx.o(.revsh_text), (4 bytes).
    Removing system_stm32f4xx.o(.rrx_text), (6 bytes).

148 unused section(s) (total 7485 bytes) removed from the image.

==============================================================================

Image Symbol Table

    Local Symbols

    Symbol Name                              Value     Ov Type        Size  Object(Section)

    ../clib/angel/boardlib.s                 0x00000000   Number         0  boardinit2.o ABSOLUTE
    ../clib/angel/boardlib.s                 0x00000000   Number         0  boardinit1.o ABSOLUTE
    ../clib/angel/boardlib.s                 0x00000000   Number         0  boardinit3.o ABSOLUTE
    ../clib/angel/boardlib.s                 0x00000000   Number         0  boardshut.o ABSOLUTE
    ../clib/angel/handlers.s                 0x00000000   Number         0  __scatter_zi.o ABSOLUTE
    ../clib/angel/handlers.s                 0x00000000   Number         0  __scatter_copy.o ABSOLUTE
    ../clib/angel/kernel.s                   0x00000000   Number         0  __rtentry4.o ABSOLUTE
    ../clib/angel/kernel.s                   0x00000000   Number         0  __rtentry2.o ABSOLUTE
    ../clib/angel/kernel.s                   0x00000000   Number         0  __rtentry.o ABSOLUTE
    ../clib/angel/kernel.s                   0x00000000   Number         0  rtexit2.o ABSOLUTE
    ../clib/angel/kernel.s                   0x00000000   Number         0  rtexit.o ABSOLUTE
    ../clib/angel/rt.s                       0x00000000   Number         0  aeabi_ldiv0.o ABSOLUTE
    ../clib/angel/rt.s                       0x00000000   Number         0  rt_locale_intlibspace.o ABSOLUTE
    ../clib/angel/rt.s                       0x00000000   Number         0  rt_locale.o ABSOLUTE
    ../clib/angel/rt.s                       0x00000000   Number         0  rt_div0.o ABSOLUTE
    ../clib/angel/rt.s                       0x00000000   Number         0  aeabi_ldiv0_sigfpe.o ABSOLUTE
    ../clib/angel/rt.s                       0x00000000   Number         0  rt_raise.o ABSOLUTE
    ../clib/angel/scatter.s                  0x00000000   Number         0  __scatter.o ABSOLUTE
    ../clib/angel/startup.s                  0x00000000   Number         0  __main.o ABSOLUTE
    ../clib/angel/sys.s                      0x00000000   Number         0  sys_stackheap_outer.o ABSOLUTE
    ../clib/angel/sys.s                      0x00000000   Number         0  indicate_semi.o ABSOLUTE
    ../clib/angel/sys.s                      0x00000000   Number         0  libspace.o ABSOLUTE
    ../clib/angel/sys.s                      0x00000000   Number         0  use_no_semi.o ABSOLUTE
    ../clib/angel/sysapp.c                   0x00000000   Number         0  sys_wrch.o ABSOLUTE
    ../clib/angel/sysapp.c                   0x00000000   Number         0  sys_exit.o ABSOLUTE
    ../clib/angel/sysapp.c                   0x00000000   Number         0  sys_command.o ABSOLUTE
    ../clib/armsys.c                         0x00000000   Number         0  _get_argv_nomalloc.o ABSOLUTE
    ../clib/armsys.c                         0x00000000   Number         0  argv_veneer.o ABSOLUTE
    ../clib/armsys.c                         0x00000000   Number         0  argv_veneer.o ABSOLUTE
    ../clib/armsys.c                         0x00000000   Number         0  no_argv.o ABSOLUTE
    ../clib/bigflt.c                         0x00000000   Number         0  bigflt0.o ABSOLUTE
    ../clib/btod.s                           0x00000000   Number         0  btod.o ABSOLUTE
    ../clib/heapalloc.c                      0x00000000   Number         0  hrguard.o ABSOLUTE
    ../clib/heapaux.c                        0x00000000   Number         0  heapauxi.o ABSOLUTE
    ../clib/libinit.s                        0x00000000   Number         0  libshutdown.o ABSOLUTE
    ../clib/libinit.s                        0x00000000   Number         0  libinit.o ABSOLUTE
    ../clib/libinit.s                        0x00000000   Number         0  libinit2.o ABSOLUTE
    ../clib/libinit.s                        0x00000000   Number         0  libshutdown2.o ABSOLUTE
    ../clib/locale.s                         0x00000000   Number         0  lc_numeric_c.o ABSOLUTE
    ../clib/longlong.s                       0x00000000   Number         0  lludivv7m.o ABSOLUTE
    ../clib/longlong.s                       0x00000000   Number         0  lludiv10.o ABSOLUTE
    ../clib/memcpset.s                       0x00000000   Number         0  strcmpv7m.o ABSOLUTE
    ../clib/misc.s                           0x00000000   Number         0  printf_stubs.o ABSOLUTE
    ../clib/printf.c                         0x00000000   Number         0  noretval__2snprintf.o ABSOLUTE
    ../clib/printf.c                         0x00000000   Number         0  __printf_wp.o ABSOLUTE
    ../clib/printf.c                         0x00000000   Number         0  _printf_fp_infnan.o ABSOLUTE
    ../clib/printf.c                         0x00000000   Number         0  _printf_str.o ABSOLUTE
    ../clib/printf.c                         0x00000000   Number         0  __printf_flags.o ABSOLUTE
    ../clib/printf.c                         0x00000000   Number         0  __printf_ss.o ABSOLUTE
    ../clib/printf.c                         0x00000000   Number         0  __printf_flags_ss.o ABSOLUTE
    ../clib/printf.c                         0x00000000   Number         0  __printf_flags_wp.o ABSOLUTE
    ../clib/printf.c                         0x00000000   Number         0  __printf_ss_wp.o ABSOLUTE
    ../clib/printf.c                         0x00000000   Number         0  __printf_flags_ss_wp.o ABSOLUTE
    ../clib/printf.c                         0x00000000   Number         0  _printf_fp_dec.o ABSOLUTE
    ../clib/printf.c                         0x00000000   Number         0  _printf_char_common.o ABSOLUTE
    ../clib/printf.c                         0x00000000   Number         0  _sputc.o ABSOLUTE
    ../clib/printf.c                         0x00000000   Number         0  _snputc.o ABSOLUTE
    ../clib/printf.c                         0x00000000   Number         0  _printf_char.o ABSOLUTE
    ../clib/printf.c                         0x00000000   Number         0  __printf_nopercent.o ABSOLUTE
    ../clib/printf.c                         0x00000000   Number         0  __printf.o ABSOLUTE
    ../clib/printf.c                         0x00000000   Number         0  __2snprintf.o ABSOLUTE
    ../clib/printf_percent.s                 0x00000000   Number         0  _printf_percent_end.o ABSOLUTE
    ../clib/printf_percent.s                 0x00000000   Number         0  _printf_s.o ABSOLUTE
    ../clib/printf_percent.s                 0x00000000   Number         0  _printf_f.o ABSOLUTE
    ../clib/printf_percent.s                 0x00000000   Number         0  _printf_g.o ABSOLUTE
    ../clib/printf_percent.s                 0x00000000   Number         0  _printf_percent.o ABSOLUTE
    ../clib/signal.c                         0x00000000   Number         0  defsig_general.o ABSOLUTE
    ../clib/signal.c                         0x00000000   Number         0  defsig_abrt_inner.o ABSOLUTE
    ../clib/signal.c                         0x00000000   Number         0  defsig_fpe_outer.o ABSOLUTE
    ../clib/signal.c                         0x00000000   Number         0  defsig_other.o ABSOLUTE
    ../clib/signal.c                         0x00000000   Number         0  defsig_segv_inner.o ABSOLUTE
    ../clib/signal.c                         0x00000000   Number         0  defsig_cppl_inner.o ABSOLUTE
    ../clib/signal.c                         0x00000000   Number         0  defsig_fpe_formal.o ABSOLUTE
    ../clib/signal.c                         0x00000000   Number         0  defsig_exit.o ABSOLUTE
    ../clib/signal.c                         0x00000000   Number         0  defsig_fpe_inner.o ABSOLUTE
    ../clib/signal.c                         0x00000000   Number         0  __raise.o ABSOLUTE
    ../clib/signal.c                         0x00000000   Number         0  defsig_pvfn_inner.o ABSOLUTE
    ../clib/signal.c                         0x00000000   Number         0  defsig_rtred_inner.o ABSOLUTE
    ../clib/signal.c                         0x00000000   Number         0  defsig_stak_inner.o ABSOLUTE
    ../clib/signal.c                         0x00000000   Number         0  defsig_rtmem_inner.o ABSOLUTE
    ../clib/signal.c                         0x00000000   Number         0  defsig_rtmem_formal.o ABSOLUTE
    ../clib/signal.c                         0x00000000   Number         0  defsig_rtmem_outer.o ABSOLUTE
    ../clib/signal.s                         0x00000000   Number         0  defsig.o ABSOLUTE
    ../clib/stdlib.c                         0x00000000   Number         0  exit.o ABSOLUTE
    ../fplib/daddsub.s                       0x00000000   Number         0  daddsub_clz.o ABSOLUTE
    ../fplib/ddiv.s                          0x00000000   Number         0  ddiv.o ABSOLUTE
    ../fplib/dflt.s                          0x00000000   Number         0  dflt_clz.o ABSOLUTE
    ../fplib/dmul.s                          0x00000000   Number         0  dmul.o ABSOLUTE
    ../fplib/dnaninf.s                       0x00000000   Number         0  dnaninf.o ABSOLUTE
    ../fplib/dretinf.s                       0x00000000   Number         0  dretinf.o ABSOLUTE
    ../fplib/fpinit.s                        0x00000000   Number         0  fpinit.o ABSOLUTE
    ../fplib/istatus.s                       0x00000000   Number         0  istatus.o ABSOLUTE
    ../fplib/printf1.s                       0x00000000   Number         0  printf1.o ABSOLUTE
    ../fplib/usenofp.s                       0x00000000   Number         0  usenofp.o ABSOLUTE
    ../mathlib/fpclassify.c                  0x00000000   Number         0  fpclassify.o ABSOLUTE
    C:\KEIL_V5\ARM\PACK\Keil\STM32F4xx_DFP\2.14.0\Drivers\STM32F4xx_HAL_Driver\Src\stm32f4xx_hal.c 0x00000000   Number         0  stm32f4xx_hal.o ABSOLUTE
    C:\KEIL_V5\ARM\PACK\Keil\STM32F4xx_DFP\2.14.0\Drivers\STM32F4xx_HAL_Driver\Src\stm32f4xx_hal_cortex.c 0x00000000   Number         0  stm32f4xx_hal_cortex.o ABSOLUTE
    C:\KEIL_V5\ARM\PACK\Keil\STM32F4xx_DFP\2.14.0\Drivers\STM32F4xx_HAL_Driver\Src\stm32f4xx_hal_gpio.c 0x00000000   Number         0  stm32f4xx_hal_gpio.o ABSOLUTE
    C:\KEIL_V5\ARM\PACK\Keil\STM32F4xx_DFP\2.14.0\Drivers\STM32F4xx_HAL_Driver\Src\stm32f4xx_hal_pwr.c 0x00000000   Number         0  stm32f4xx_hal_pwr.o ABSOLUTE
    C:\KEIL_V5\ARM\PACK\Keil\STM32F4xx_DFP\2.14.0\Drivers\STM32F4xx_HAL_Driver\Src\stm32f4xx_hal_pwr_ex.c 0x00000000   Number         0  stm32f4xx_hal_pwr_ex.o ABSOLUTE
    C:\KEIL_V5\ARM\PACK\Keil\STM32F4xx_DFP\2.14.0\Drivers\STM32F4xx_HAL_Driver\Src\stm32f4xx_hal_rcc.c 0x00000000   Number         0  stm32f4xx_hal_rcc.o ABSOLUTE
    C:\KEIL_V5\ARM\PACK\Keil\STM32F4xx_DFP\2.14.0\Drivers\STM32F4xx_HAL_Driver\Src\stm32f4xx_hal_rcc_ex.c 0x00000000   Number         0  stm32f4xx_hal_rcc_ex.o ABSOLUTE
    C:\KEIL_V5\ARM\PACK\Keil\STM32F4xx_DFP\2.14.0\MDK\Boards\ST\STM32F429I-Discovery\Common\Buttons_F429Discovery.c 0x00000000   Number         0  buttons_f429discovery.o ABSOLUTE
    C:\KEIL_V5\ARM\PACK\Keil\STM32F4xx_DFP\2.14.0\MDK\Boards\ST\STM32F429I-Discovery\Common\LED_F429Discovery.c 0x00000000   Number         0  led_f429discovery.o ABSOLUTE
    C:\\KEIL_V5\\ARM\\PACK\\Keil\\STM32F4xx_DFP\\2.14.0\\Drivers\\STM32F4xx_HAL_Driver\\Src\\stm32f4xx_hal.c 0x00000000   Number         0  stm32f4xx_hal.o ABSOLUTE
    C:\\KEIL_V5\\ARM\\PACK\\Keil\\STM32F4xx_DFP\\2.14.0\\Drivers\\STM32F4xx_HAL_Driver\\Src\\stm32f4xx_hal_cortex.c 0x00000000   Number         0  stm32f4xx_hal_cortex.o ABSOLUTE
    C:\\KEIL_V5\\ARM\\PACK\\Keil\\STM32F4xx_DFP\\2.14.0\\Drivers\\STM32F4xx_HAL_Driver\\Src\\stm32f4xx_hal_gpio.c 0x00000000   Number         0  stm32f4xx_hal_gpio.o ABSOLUTE
    C:\\KEIL_V5\\ARM\\PACK\\Keil\\STM32F4xx_DFP\\2.14.0\\Drivers\\STM32F4xx_HAL_Driver\\Src\\stm32f4xx_hal_pwr.c 0x00000000   Number         0  stm32f4xx_hal_pwr.o ABSOLUTE
    C:\\KEIL_V5\\ARM\\PACK\\Keil\\STM32F4xx_DFP\\2.14.0\\Drivers\\STM32F4xx_HAL_Driver\\Src\\stm32f4xx_hal_pwr_ex.c 0x00000000   Number         0  stm32f4xx_hal_pwr_ex.o ABSOLUTE
    C:\\KEIL_V5\\ARM\\PACK\\Keil\\STM32F4xx_DFP\\2.14.0\\Drivers\\STM32F4xx_HAL_Driver\\Src\\stm32f4xx_hal_rcc.c 0x00000000   Number         0  stm32f4xx_hal_rcc.o ABSOLUTE
    C:\\KEIL_V5\\ARM\\PACK\\Keil\\STM32F4xx_DFP\\2.14.0\\Drivers\\STM32F4xx_HAL_Driver\\Src\\stm32f4xx_hal_rcc_ex.c 0x00000000   Number         0  stm32f4xx_hal_rcc_ex.o ABSOLUTE
    C:\\KEIL_V5\\ARM\\PACK\\Keil\\STM32F4xx_DFP\\2.14.0\\MDK\\Boards\\ST\\STM32F429I-Discovery\\Common\\Buttons_F429Discovery.c 0x00000000   Number         0  buttons_f429discovery.o ABSOLUTE
    C:\\KEIL_V5\\ARM\\PACK\\Keil\\STM32F4xx_DFP\\2.14.0\\MDK\\Boards\\ST\\STM32F429I-Discovery\\Common\\LED_F429Discovery.c 0x00000000   Number         0  led_f429discovery.o ABSOLUTE
    PB_LCD_Drivers.c                         0x00000000   Number         0  pb_lcd_drivers.o ABSOLUTE
    PB_LCD_Drivers.c                         0x00000000   Number         0  pb_lcd_drivers.o ABSOLUTE
    RTE\Device\STM32F407VGTx\startup_stm32f407xx.s 0x00000000   Number         0  startup_stm32f407xx.o ABSOLUTE
    RTE\Device\STM32F407VGTx\system_stm32f4xx.c 0x00000000   Number         0  system_stm32f4xx.o ABSOLUTE
    RTE\\Device\\STM32F407VGTx\\system_stm32f4xx.c 0x00000000   Number         0  system_stm32f4xx.o ABSOLUTE
    dc.s                                     0x00000000   Number         0  dc.o ABSOLUTE
    multimeter.c                             0x00000000   Number         0  multimeter.o ABSOLUTE
    multimeter.c                             0x00000000   Number         0  multimeter.o ABSOLUTE
    RESET                                    0x08000000   Section      392  startup_stm32f407xx.o(RESET)
    !!!main                                  0x08000188   Section        8  __main.o(!!!main)
    !!!scatter                               0x08000190   Section       52  __scatter.o(!!!scatter)
    !!handler_copy                           0x080001c4   Section       26  __scatter_copy.o(!!handler_copy)
    !!handler_zi                             0x080001e0   Section       28  __scatter_zi.o(!!handler_zi)
    .ARM.Collect$$_printf_percent$$00000000  0x080001fc   Section        0  _printf_percent.o(.ARM.Collect$$_printf_percent$$00000000)
    .ARM.Collect$$_printf_percent$$00000003  0x080001fc   Section        6  _printf_f.o(.ARM.Collect$$_printf_percent$$00000003)
    .ARM.Collect$$_printf_percent$$00000005  0x08000202   Section        6  _printf_g.o(.ARM.Collect$$_printf_percent$$00000005)
    .ARM.Collect$$_printf_percent$$00000014  0x08000208   Section        6  _printf_s.o(.ARM.Collect$$_printf_percent$$00000014)
    .ARM.Collect$$_printf_percent$$00000017  0x0800020e   Section        4  _printf_percent_end.o(.ARM.Collect$$_printf_percent$$00000017)
    .ARM.Collect$$libinit$$00000000          0x08000212   Section        2  libinit.o(.ARM.Collect$$libinit$$00000000)
    .ARM.Collect$$libinit$$00000001          0x08000214   Section        4  libinit2.o(.ARM.Collect$$libinit$$00000001)
    .ARM.Collect$$libinit$$00000004          0x08000218   Section        0  libinit2.o(.ARM.Collect$$libinit$$00000004)
    .ARM.Collect$$libinit$$0000000A          0x08000218   Section        0  libinit2.o(.ARM.Collect$$libinit$$0000000A)
    .ARM.Collect$$libinit$$0000000C          0x08000218   Section        0  libinit2.o(.ARM.Collect$$libinit$$0000000C)
    .ARM.Collect$$libinit$$0000000E          0x08000218   Section        0  libinit2.o(.ARM.Collect$$libinit$$0000000E)
    .ARM.Collect$$libinit$$0000000F          0x08000218   Section        6  libinit2.o(.ARM.Collect$$libinit$$0000000F)
    .ARM.Collect$$libinit$$00000011          0x0800021e   Section        0  libinit2.o(.ARM.Collect$$libinit$$00000011)
    .ARM.Collect$$libinit$$00000013          0x0800021e   Section        0  libinit2.o(.ARM.Collect$$libinit$$00000013)
    .ARM.Collect$$libinit$$00000015          0x0800021e   Section        0  libinit2.o(.ARM.Collect$$libinit$$00000015)
    .ARM.Collect$$libinit$$00000016          0x0800021e   Section       10  libinit2.o(.ARM.Collect$$libinit$$00000016)
    .ARM.Collect$$libinit$$00000017          0x08000228   Section        0  libinit2.o(.ARM.Collect$$libinit$$00000017)
    .ARM.Collect$$libinit$$00000019          0x08000228   Section        0  libinit2.o(.ARM.Collect$$libinit$$00000019)
    .ARM.Collect$$libinit$$0000001B          0x08000228   Section        0  libinit2.o(.ARM.Collect$$libinit$$0000001B)
    .ARM.Collect$$libinit$$0000001D          0x08000228   Section        0  libinit2.o(.ARM.Collect$$libinit$$0000001D)
    .ARM.Collect$$libinit$$0000001F          0x08000228   Section        0  libinit2.o(.ARM.Collect$$libinit$$0000001F)
    .ARM.Collect$$libinit$$00000021          0x08000228   Section        0  libinit2.o(.ARM.Collect$$libinit$$00000021)
    .ARM.Collect$$libinit$$00000023          0x08000228   Section        0  libinit2.o(.ARM.Collect$$libinit$$00000023)
    .ARM.Collect$$libinit$$00000025          0x08000228   Section        0  libinit2.o(.ARM.Collect$$libinit$$00000025)
    .ARM.Collect$$libinit$$0000002C          0x08000228   Section        0  libinit2.o(.ARM.Collect$$libinit$$0000002C)
    .ARM.Collect$$libinit$$0000002E          0x08000228   Section        0  libinit2.o(.ARM.Collect$$libinit$$0000002E)
    .ARM.Collect$$libinit$$00000030          0x08000228   Section        0  libinit2.o(.ARM.Collect$$libinit$$00000030)
    .ARM.Collect$$libinit$$00000032          0x08000228   Section        0  libinit2.o(.ARM.Collect$$libinit$$00000032)
    .ARM.Collect$$libinit$$00000033          0x08000228   Section        2  libinit2.o(.ARM.Collect$$libinit$$00000033)
    .ARM.Collect$$libshutdown$$00000000      0x0800022a   Section        2  libshutdown.o(.ARM.Collect$$libshutdown$$00000000)
    .ARM.Collect$$libshutdown$$00000002      0x0800022c   Section        0  libshutdown2.o(.ARM.Collect$$libshutdown$$00000002)
    .ARM.Collect$$libshutdown$$00000004      0x0800022c   Section        0  libshutdown2.o(.ARM.Collect$$libshutdown$$00000004)
    .ARM.Collect$$libshutdown$$00000007      0x0800022c   Section        0  libshutdown2.o(.ARM.Collect$$libshutdown$$00000007)
    .ARM.Collect$$libshutdown$$0000000A      0x0800022c   Section        0  libshutdown2.o(.ARM.Collect$$libshutdown$$0000000A)
    .ARM.Collect$$libshutdown$$0000000C      0x0800022c   Section        0  libshutdown2.o(.ARM.Collect$$libshutdown$$0000000C)
    .ARM.Collect$$libshutdown$$0000000F      0x0800022c   Section        0  libshutdown2.o(.ARM.Collect$$libshutdown$$0000000F)
    .ARM.Collect$$libshutdown$$00000010      0x0800022c   Section        2  libshutdown2.o(.ARM.Collect$$libshutdown$$00000010)
    .ARM.Collect$$rtentry$$00000000          0x0800022e   Section        0  __rtentry.o(.ARM.Collect$$rtentry$$00000000)
    .ARM.Collect$$rtentry$$00000002          0x0800022e   Section        0  __rtentry2.o(.ARM.Collect$$rtentry$$00000002)
    .ARM.Collect$$rtentry$$00000004          0x0800022e   Section        6  __rtentry4.o(.ARM.Collect$$rtentry$$00000004)
    .ARM.Collect$$rtentry$$00000009          0x08000234   Section        0  __rtentry2.o(.ARM.Collect$$rtentry$$00000009)
    .ARM.Collect$$rtentry$$0000000A          0x08000234   Section        4  __rtentry2.o(.ARM.Collect$$rtentry$$0000000A)
    .ARM.Collect$$rtentry$$0000000C          0x08000238   Section        0  __rtentry2.o(.ARM.Collect$$rtentry$$0000000C)
    .ARM.Collect$$rtentry$$0000000D          0x08000238   Section        8  __rtentry2.o(.ARM.Collect$$rtentry$$0000000D)
    .ARM.Collect$$rtexit$$00000000           0x08000240   Section        2  rtexit.o(.ARM.Collect$$rtexit$$00000000)
    .ARM.Collect$$rtexit$$00000002           0x08000242   Section        0  rtexit2.o(.ARM.Collect$$rtexit$$00000002)
    .ARM.Collect$$rtexit$$00000003           0x08000242   Section        4  rtexit2.o(.ARM.Collect$$rtexit$$00000003)
    .ARM.Collect$$rtexit$$00000004           0x08000246   Section        6  rtexit2.o(.ARM.Collect$$rtexit$$00000004)
    .text                                    0x0800024c   Section       64  startup_stm32f407xx.o(.text)
    $v0                                      0x0800024c   Number         0  startup_stm32f407xx.o(.text)
    .text                                    0x0800028c   Section        0  noretval__2snprintf.o(.text)
    .text                                    0x080002c0   Section        0  _printf_str.o(.text)
    .text                                    0x08000312   Section        0  __printf_wp.o(.text)
    .text                                    0x08000420   Section        0  heapauxi.o(.text)
    .text                                    0x08000426   Section        0  _printf_fp_dec.o(.text)
    _fp_digits                               0x08000429   Thumb Code   428  _printf_fp_dec.o(.text)
    .text                                    0x08000840   Section        0  _printf_char_common.o(.text)
    _printf_input_char                       0x08000841   Thumb Code    10  _printf_char_common.o(.text)
    .text                                    0x08000870   Section        0  _sputc.o(.text)
    .text                                    0x0800087a   Section        0  _snputc.o(.text)
    .text                                    0x0800088a   Section        0  _printf_char.o(.text)
    .text                                    0x080008b8   Section        8  rt_locale_intlibspace.o(.text)
    .text                                    0x080008c0   Section      138  lludiv10.o(.text)
    .text                                    0x0800094c   Section        0  _printf_fp_infnan.o(.text)
    .text                                    0x080009cc   Section        0  bigflt0.o(.text)
    .text                                    0x08000aa8   Section        8  libspace.o(.text)
    .text                                    0x08000ab0   Section       74  sys_stackheap_outer.o(.text)
    .text                                    0x08000afa   Section        0  exit.o(.text)
    .text                                    0x08000b0c   Section      128  strcmpv7m.o(.text)
    .text                                    0x08000b8c   Section        0  sys_exit.o(.text)
    .text                                    0x08000b98   Section        2  use_no_semi.o(.text)
    .text                                    0x08000b9a   Section        0  indicate_semi.o(.text)
    CL$$btod_d2e                             0x08000b9a   Section       62  btod.o(CL$$btod_d2e)
    CL$$btod_d2e_denorm_low                  0x08000bd8   Section       70  btod.o(CL$$btod_d2e_denorm_low)
    CL$$btod_d2e_norm_op1                    0x08000c1e   Section       96  btod.o(CL$$btod_d2e_norm_op1)
    CL$$btod_div_common                      0x08000c7e   Section      824  btod.o(CL$$btod_div_common)
    CL$$btod_e2e                             0x08000fb6   Section      198  btod.o(CL$$btod_e2e)
    CL$$btod_ediv                            0x0800107c   Section       40  btod.o(CL$$btod_ediv)
    CL$$btod_emul                            0x080010a4   Section       40  btod.o(CL$$btod_emul)
    CL$$btod_mult_common                     0x080010cc   Section      580  btod.o(CL$$btod_mult_common)
    i.ADC_IRQHandler                         0x08001310   Section        0  multimeter.o(i.ADC_IRQHandler)
    i.EXTI15_10_IRQHandler                   0x08001338   Section        0  multimeter.o(i.EXTI15_10_IRQHandler)
    i.EXTI9_5_IRQHandler                     0x08001350   Section        0  multimeter.o(i.EXTI9_5_IRQHandler)
    i.PB_LCD_Clear                           0x08001390   Section        0  pb_lcd_drivers.o(i.PB_LCD_Clear)
    i.PB_LCD_GoToXY                          0x080013a6   Section        0  pb_lcd_drivers.o(i.PB_LCD_GoToXY)
    i.PB_LCD_Init                            0x080013dc   Section        0  pb_lcd_drivers.o(i.PB_LCD_Init)
    i.PB_LCD_IsBusy                          0x080014fc   Section        0  pb_lcd_drivers.o(i.PB_LCD_IsBusy)
    i.PB_LCD_Microdelay                      0x08001594   Section        0  pb_lcd_drivers.o(i.PB_LCD_Microdelay)
    i.PB_LCD_Set_As_Input                    0x080015e0   Section        0  pb_lcd_drivers.o(i.PB_LCD_Set_As_Input)
    i.PB_LCD_Set_As_Output                   0x08001600   Section        0  pb_lcd_drivers.o(i.PB_LCD_Set_As_Output)
    i.PB_LCD_Write                           0x08001640   Section        0  pb_lcd_drivers.o(i.PB_LCD_Write)
    i.PB_LCD_WriteString                     0x080016c0   Section        0  pb_lcd_drivers.o(i.PB_LCD_WriteString)
    i.SysTick_Handler                        0x080016ec   Section        0  multimeter.o(i.SysTick_Handler)
    i.SystemCoreClockUpdate                  0x080016fc   Section        0  system_stm32f4xx.o(i.SystemCoreClockUpdate)
    i.SystemInit                             0x080017bc   Section        0  system_stm32f4xx.o(i.SystemInit)
    i.__ARM_fpclassify                       0x08001820   Section        0  fpclassify.o(i.__ARM_fpclassify)
    i.__NVIC_EnableIRQ                       0x08001850   Section        0  multimeter.o(i.__NVIC_EnableIRQ)
    __NVIC_EnableIRQ                         0x08001851   Thumb Code    34  multimeter.o(i.__NVIC_EnableIRQ)
    i._is_digit                              0x08001872   Section        0  __printf_wp.o(i._is_digit)
    i.initialise                             0x08001880   Section        0  multimeter.o(i.initialise)
    i.main                                   0x08001998   Section        0  multimeter.o(i.main)
    i.wait                                   0x08001cc4   Section        0  multimeter.o(i.wait)
    locale$$code                             0x08001cdc   Section       44  lc_numeric_c.o(locale$$code)
    x$fpl$dadd                               0x08001d08   Section      336  daddsub_clz.o(x$fpl$dadd)
    $v0                                      0x08001d08   Number         0  daddsub_clz.o(x$fpl$dadd)
    _dadd1                                   0x08001d19   Thumb Code     0  daddsub_clz.o(x$fpl$dadd)
    x$fpl$ddiv                               0x08001e58   Section      688  ddiv.o(x$fpl$ddiv)
    $v0                                      0x08001e58   Number         0  ddiv.o(x$fpl$ddiv)
    ddiv_entry                               0x08001e5f   Thumb Code     0  ddiv.o(x$fpl$ddiv)
    x$fpl$dfltu                              0x08002108   Section       38  dflt_clz.o(x$fpl$dfltu)
    $v0                                      0x08002108   Number         0  dflt_clz.o(x$fpl$dfltu)
    x$fpl$dmul                               0x08002130   Section      340  dmul.o(x$fpl$dmul)
    $v0                                      0x08002130   Number         0  dmul.o(x$fpl$dmul)
    x$fpl$dnaninf                            0x08002284   Section      156  dnaninf.o(x$fpl$dnaninf)
    $v0                                      0x08002284   Number         0  dnaninf.o(x$fpl$dnaninf)
    x$fpl$dretinf                            0x08002320   Section       12  dretinf.o(x$fpl$dretinf)
    $v0                                      0x08002320   Number         0  dretinf.o(x$fpl$dretinf)
    x$fpl$drsb                               0x0800232c   Section       22  daddsub_clz.o(x$fpl$drsb)
    $v0                                      0x0800232c   Number         0  daddsub_clz.o(x$fpl$drsb)
    x$fpl$dsub                               0x08002344   Section      468  daddsub_clz.o(x$fpl$dsub)
    $v0                                      0x08002344   Number         0  daddsub_clz.o(x$fpl$dsub)
    _dsub1                                   0x08002355   Thumb Code     0  daddsub_clz.o(x$fpl$dsub)
    x$fpl$fpinit                             0x08002518   Section       10  fpinit.o(x$fpl$fpinit)
    $v0                                      0x08002518   Number         0  fpinit.o(x$fpl$fpinit)
    x$fpl$printf1                            0x08002522   Section        4  printf1.o(x$fpl$printf1)
    $v0                                      0x08002522   Number         0  printf1.o(x$fpl$printf1)
    .constdata                               0x08002526   Section       24  system_stm32f4xx.o(.constdata)
    x$fpl$usenofp                            0x08002526   Section        0  usenofp.o(x$fpl$usenofp)
    .constdata                               0x08002540   Section      148  bigflt0.o(.constdata)
    tenpwrs_x                                0x08002540   Data          60  bigflt0.o(.constdata)
    tenpwrs_i                                0x0800257c   Data          64  bigflt0.o(.constdata)
    locale$$data                             0x080025f4   Section       28  lc_numeric_c.o(locale$$data)
    __lcnum_c_name                           0x080025f8   Data           2  lc_numeric_c.o(locale$$data)
    __lcnum_c_start                          0x08002600   Data           0  lc_numeric_c.o(locale$$data)
    __lcnum_c_point                          0x0800260c   Data           0  lc_numeric_c.o(locale$$data)
    __lcnum_c_thousands                      0x0800260e   Data           0  lc_numeric_c.o(locale$$data)
    __lcnum_c_grouping                       0x0800260f   Data           0  lc_numeric_c.o(locale$$data)
    __lcnum_c_end                            0x08002610   Data           0  lc_numeric_c.o(locale$$data)
    .data                                    0x20000000   Section       48  multimeter.o(.data)
    .data                                    0x20000030   Section        4  system_stm32f4xx.o(.data)
    .bss                                     0x20000034   Section       16  multimeter.o(.bss)
    .bss                                     0x20000044   Section       96  libspace.o(.bss)
    HEAP                                     0x200000a8   Section      512  startup_stm32f407xx.o(HEAP)
    Heap_Mem                                 0x200000a8   Data         512  startup_stm32f407xx.o(HEAP)
    STACK                                    0x200002a8   Section     1024  startup_stm32f407xx.o(STACK)
    Stack_Mem                                0x200002a8   Data        1024  startup_stm32f407xx.o(STACK)
    __initial_sp                             0x200006a8   Data           0  startup_stm32f407xx.o(STACK)

    Global Symbols

    Symbol Name                              Value     Ov Type        Size  Object(Section)

    BuildAttributes$$THM_ISAv4$E$P$D$K$B$S$7EM$VFPi3$EXTD16$VFPS$VFMA$PE$A:L22UL41UL21$X:L11$S22US41US21$IEEE1$IW$USESV6$~STKCKD$USESV7$~SHL$OTIME$ROPI$IEEEJ$EBA8$UX$STANDARDLIB$REQ8$PRES8$EABIv2 0x00000000   Number         0  anon$$obj.o ABSOLUTE
    __ARM_use_no_argv                        0x00000000   Number         0  multimeter.o ABSOLUTE
    _printf_flags                            0x00000000   Number         0  printf_stubs.o ABSOLUTE
    _printf_return_value                     0x00000000   Number         0  printf_stubs.o ABSOLUTE
    _printf_sizespec                         0x00000000   Number         0  printf_stubs.o ABSOLUTE
    _printf_widthprec                        0x00000000   Number         0  printf_stubs.o ABSOLUTE
    __ARM_exceptions_init                     - Undefined Weak Reference
    __alloca_initialize                       - Undefined Weak Reference
    __arm_preinit_                            - Undefined Weak Reference
    __cpp_initialize__aeabi_                  - Undefined Weak Reference
    __cxa_finalize                            - Undefined Weak Reference
    __sigvec_lookup                           - Undefined Weak Reference
    _atexit_init                              - Undefined Weak Reference
    _call_atexit_fns                          - Undefined Weak Reference
    _clock_init                               - Undefined Weak Reference
    _fp_trap_init                             - Undefined Weak Reference
    _fp_trap_shutdown                         - Undefined Weak Reference
    _get_lc_collate                           - Undefined Weak Reference
    _get_lc_ctype                             - Undefined Weak Reference
    _get_lc_monetary                          - Undefined Weak Reference
    _get_lc_time                              - Undefined Weak Reference
    _getenv_init                              - Undefined Weak Reference
    _handle_redirection                       - Undefined Weak Reference
    _init_alloc                               - Undefined Weak Reference
    _init_user_alloc                          - Undefined Weak Reference
    _initio                                   - Undefined Weak Reference
    _printf_mbtowc                            - Undefined Weak Reference
    _printf_post_padding                      - Undefined Weak Reference
    _printf_pre_padding                       - Undefined Weak Reference
    _rand_init                                - Undefined Weak Reference
    _signal_finish                            - Undefined Weak Reference
    _signal_init                              - Undefined Weak Reference
    _terminate_alloc                          - Undefined Weak Reference
    _terminate_user_alloc                     - Undefined Weak Reference
    _terminateio                              - Undefined Weak Reference
    __Vectors_Size                           0x00000188   Number         0  startup_stm32f407xx.o ABSOLUTE
    __Vectors                                0x08000000   Data           4  startup_stm32f407xx.o(RESET)
    __Vectors_End                            0x08000188   Data           0  startup_stm32f407xx.o(RESET)
    __main                                   0x08000189   Thumb Code     8  __main.o(!!!main)
    __scatterload                            0x08000191   Thumb Code     0  __scatter.o(!!!scatter)
    __scatterload_rt2                        0x08000191   Thumb Code    44  __scatter.o(!!!scatter)
    __scatterload_rt2_thumb_only             0x08000191   Thumb Code     0  __scatter.o(!!!scatter)
    __scatterload_null                       0x0800019f   Thumb Code     0  __scatter.o(!!!scatter)
    __scatterload_copy                       0x080001c5   Thumb Code    26  __scatter_copy.o(!!handler_copy)
    __scatterload_zeroinit                   0x080001e1   Thumb Code    28  __scatter_zi.o(!!handler_zi)
    _printf_f                                0x080001fd   Thumb Code     0  _printf_f.o(.ARM.Collect$$_printf_percent$$00000003)
    _printf_percent                          0x080001fd   Thumb Code     0  _printf_percent.o(.ARM.Collect$$_printf_percent$$00000000)
    _printf_g                                0x08000203   Thumb Code     0  _printf_g.o(.ARM.Collect$$_printf_percent$$00000005)
    _printf_s                                0x08000209   Thumb Code     0  _printf_s.o(.ARM.Collect$$_printf_percent$$00000014)
    _printf_percent_end                      0x0800020f   Thumb Code     0  _printf_percent_end.o(.ARM.Collect$$_printf_percent$$00000017)
    __rt_lib_init                            0x08000213   Thumb Code     0  libinit.o(.ARM.Collect$$libinit$$00000000)
    __rt_lib_init_fp_1                       0x08000215   Thumb Code     0  libinit2.o(.ARM.Collect$$libinit$$00000001)
    __rt_lib_init_heap_1                     0x08000219   Thumb Code     0  libinit2.o(.ARM.Collect$$libinit$$0000000A)
    __rt_lib_init_lc_common                  0x08000219   Thumb Code     0  libinit2.o(.ARM.Collect$$libinit$$0000000F)
    __rt_lib_init_preinit_1                  0x08000219   Thumb Code     0  libinit2.o(.ARM.Collect$$libinit$$00000004)
    __rt_lib_init_rand_1                     0x08000219   Thumb Code     0  libinit2.o(.ARM.Collect$$libinit$$0000000E)
    __rt_lib_init_user_alloc_1               0x08000219   Thumb Code     0  libinit2.o(.ARM.Collect$$libinit$$0000000C)
    __rt_lib_init_lc_collate_1               0x0800021f   Thumb Code     0  libinit2.o(.ARM.Collect$$libinit$$00000011)
    __rt_lib_init_lc_ctype_1                 0x0800021f   Thumb Code     0  libinit2.o(.ARM.Collect$$libinit$$00000013)
    __rt_lib_init_lc_monetary_1              0x0800021f   Thumb Code     0  libinit2.o(.ARM.Collect$$libinit$$00000015)
    __rt_lib_init_lc_numeric_2               0x0800021f   Thumb Code     0  libinit2.o(.ARM.Collect$$libinit$$00000016)
    __rt_lib_init_alloca_1                   0x08000229   Thumb Code     0  libinit2.o(.ARM.Collect$$libinit$$0000002E)
    __rt_lib_init_argv_1                     0x08000229   Thumb Code     0  libinit2.o(.ARM.Collect$$libinit$$0000002C)
    __rt_lib_init_atexit_1                   0x08000229   Thumb Code     0  libinit2.o(.ARM.Collect$$libinit$$0000001B)
    __rt_lib_init_clock_1                    0x08000229   Thumb Code     0  libinit2.o(.ARM.Collect$$libinit$$00000021)
    __rt_lib_init_cpp_1                      0x08000229   Thumb Code     0  libinit2.o(.ARM.Collect$$libinit$$00000032)
    __rt_lib_init_exceptions_1               0x08000229   Thumb Code     0  libinit2.o(.ARM.Collect$$libinit$$00000030)
    __rt_lib_init_fp_trap_1                  0x08000229   Thumb Code     0  libinit2.o(.ARM.Collect$$libinit$$0000001F)
    __rt_lib_init_getenv_1                   0x08000229   Thumb Code     0  libinit2.o(.ARM.Collect$$libinit$$00000023)
    __rt_lib_init_lc_numeric_1               0x08000229   Thumb Code     0  libinit2.o(.ARM.Collect$$libinit$$00000017)
    __rt_lib_init_lc_time_1                  0x08000229   Thumb Code     0  libinit2.o(.ARM.Collect$$libinit$$00000019)
    __rt_lib_init_return                     0x08000229   Thumb Code     0  libinit2.o(.ARM.Collect$$libinit$$00000033)
    __rt_lib_init_signal_1                   0x08000229   Thumb Code     0  libinit2.o(.ARM.Collect$$libinit$$0000001D)
    __rt_lib_init_stdio_1                    0x08000229   Thumb Code     0  libinit2.o(.ARM.Collect$$libinit$$00000025)
    __rt_lib_shutdown                        0x0800022b   Thumb Code     0  libshutdown.o(.ARM.Collect$$libshutdown$$00000000)
    __rt_lib_shutdown_cpp_1                  0x0800022d   Thumb Code     0  libshutdown2.o(.ARM.Collect$$libshutdown$$00000002)
    __rt_lib_shutdown_fp_trap_1              0x0800022d   Thumb Code     0  libshutdown2.o(.ARM.Collect$$libshutdown$$00000007)
    __rt_lib_shutdown_heap_1                 0x0800022d   Thumb Code     0  libshutdown2.o(.ARM.Collect$$libshutdown$$0000000F)
    __rt_lib_shutdown_return                 0x0800022d   Thumb Code     0  libshutdown2.o(.ARM.Collect$$libshutdown$$00000010)
    __rt_lib_shutdown_signal_1               0x0800022d   Thumb Code     0  libshutdown2.o(.ARM.Collect$$libshutdown$$0000000A)
    __rt_lib_shutdown_stdio_1                0x0800022d   Thumb Code     0  libshutdown2.o(.ARM.Collect$$libshutdown$$00000004)
    __rt_lib_shutdown_user_alloc_1           0x0800022d   Thumb Code     0  libshutdown2.o(.ARM.Collect$$libshutdown$$0000000C)
    __rt_entry                               0x0800022f   Thumb Code     0  __rtentry.o(.ARM.Collect$$rtentry$$00000000)
    __rt_entry_presh_1                       0x0800022f   Thumb Code     0  __rtentry2.o(.ARM.Collect$$rtentry$$00000002)
    __rt_entry_sh                            0x0800022f   Thumb Code     0  __rtentry4.o(.ARM.Collect$$rtentry$$00000004)
    __rt_entry_li                            0x08000235   Thumb Code     0  __rtentry2.o(.ARM.Collect$$rtentry$$0000000A)
    __rt_entry_postsh_1                      0x08000235   Thumb Code     0  __rtentry2.o(.ARM.Collect$$rtentry$$00000009)
    __rt_entry_main                          0x08000239   Thumb Code     0  __rtentry2.o(.ARM.Collect$$rtentry$$0000000D)
    __rt_entry_postli_1                      0x08000239   Thumb Code     0  __rtentry2.o(.ARM.Collect$$rtentry$$0000000C)
    __rt_exit                                0x08000241   Thumb Code     0  rtexit.o(.ARM.Collect$$rtexit$$00000000)
    __rt_exit_ls                             0x08000243   Thumb Code     0  rtexit2.o(.ARM.Collect$$rtexit$$00000003)
    __rt_exit_prels_1                        0x08000243   Thumb Code     0  rtexit2.o(.ARM.Collect$$rtexit$$00000002)
    __rt_exit_exit                           0x08000247   Thumb Code     0  rtexit2.o(.ARM.Collect$$rtexit$$00000004)
    Reset_Handler                            0x0800024d   Thumb Code     8  startup_stm32f407xx.o(.text)
    NMI_Handler                              0x08000255   Thumb Code     2  startup_stm32f407xx.o(.text)
    HardFault_Handler                        0x08000257   Thumb Code     2  startup_stm32f407xx.o(.text)
    MemManage_Handler                        0x08000259   Thumb Code     2  startup_stm32f407xx.o(.text)
    BusFault_Handler                         0x0800025b   Thumb Code     2  startup_stm32f407xx.o(.text)
    UsageFault_Handler                       0x0800025d   Thumb Code     2  startup_stm32f407xx.o(.text)
    SVC_Handler                              0x0800025f   Thumb Code     2  startup_stm32f407xx.o(.text)
    DebugMon_Handler                         0x08000261   Thumb Code     2  startup_stm32f407xx.o(.text)
    PendSV_Handler                           0x08000263   Thumb Code     2  startup_stm32f407xx.o(.text)
    CAN1_RX0_IRQHandler                      0x08000267   Thumb Code     0  startup_stm32f407xx.o(.text)
    CAN1_RX1_IRQHandler                      0x08000267   Thumb Code     0  startup_stm32f407xx.o(.text)
    CAN1_SCE_IRQHandler                      0x08000267   Thumb Code     0  startup_stm32f407xx.o(.text)
    CAN1_TX_IRQHandler                       0x08000267   Thumb Code     0  startup_stm32f407xx.o(.text)
    CAN2_RX0_IRQHandler                      0x08000267   Thumb Code     0  startup_stm32f407xx.o(.text)
    CAN2_RX1_IRQHandler                      0x08000267   Thumb Code     0  startup_stm32f407xx.o(.text)
    CAN2_SCE_IRQHandler                      0x08000267   Thumb Code     0  startup_stm32f407xx.o(.text)
    CAN2_TX_IRQHandler                       0x08000267   Thumb Code     0  startup_stm32f407xx.o(.text)
    DCMI_IRQHandler                          0x08000267   Thumb Code     0  startup_stm32f407xx.o(.text)
    DMA1_Stream0_IRQHandler                  0x08000267   Thumb Code     0  startup_stm32f407xx.o(.text)
    DMA1_Stream1_IRQHandler                  0x08000267   Thumb Code     0  startup_stm32f407xx.o(.text)
    DMA1_Stream2_IRQHandler                  0x08000267   Thumb Code     0  startup_stm32f407xx.o(.text)
    DMA1_Stream3_IRQHandler                  0x08000267   Thumb Code     0  startup_stm32f407xx.o(.text)
    DMA1_Stream4_IRQHandler                  0x08000267   Thumb Code     0  startup_stm32f407xx.o(.text)
    DMA1_Stream5_IRQHandler                  0x08000267   Thumb Code     0  startup_stm32f407xx.o(.text)
    DMA1_Stream6_IRQHandler                  0x08000267   Thumb Code     0  startup_stm32f407xx.o(.text)
    DMA1_Stream7_IRQHandler                  0x08000267   Thumb Code     0  startup_stm32f407xx.o(.text)
    DMA2_Stream0_IRQHandler                  0x08000267   Thumb Code     0  startup_stm32f407xx.o(.text)
    DMA2_Stream1_IRQHandler                  0x08000267   Thumb Code     0  startup_stm32f407xx.o(.text)
    DMA2_Stream2_IRQHandler                  0x08000267   Thumb Code     0  startup_stm32f407xx.o(.text)
    DMA2_Stream3_IRQHandler                  0x08000267   Thumb Code     0  startup_stm32f407xx.o(.text)
    DMA2_Stream4_IRQHandler                  0x08000267   Thumb Code     0  startup_stm32f407xx.o(.text)
    DMA2_Stream5_IRQHandler                  0x08000267   Thumb Code     0  startup_stm32f407xx.o(.text)
    DMA2_Stream6_IRQHandler                  0x08000267   Thumb Code     0  startup_stm32f407xx.o(.text)
    DMA2_Stream7_IRQHandler                  0x08000267   Thumb Code     0  startup_stm32f407xx.o(.text)
    ETH_IRQHandler                           0x08000267   Thumb Code     0  startup_stm32f407xx.o(.text)
    ETH_WKUP_IRQHandler                      0x08000267   Thumb Code     0  startup_stm32f407xx.o(.text)
    EXTI0_IRQHandler                         0x08000267   Thumb Code     0  startup_stm32f407xx.o(.text)
    EXTI1_IRQHandler                         0x08000267   Thumb Code     0  startup_stm32f407xx.o(.text)
    EXTI2_IRQHandler                         0x08000267   Thumb Code     0  startup_stm32f407xx.o(.text)
    EXTI3_IRQHandler                         0x08000267   Thumb Code     0  startup_stm32f407xx.o(.text)
    EXTI4_IRQHandler                         0x08000267   Thumb Code     0  startup_stm32f407xx.o(.text)
    FLASH_IRQHandler                         0x08000267   Thumb Code     0  startup_stm32f407xx.o(.text)
    FMC_IRQHandler                           0x08000267   Thumb Code     0  startup_stm32f407xx.o(.text)
    FPU_IRQHandler                           0x08000267   Thumb Code     0  startup_stm32f407xx.o(.text)
    HASH_RNG_IRQHandler                      0x08000267   Thumb Code     0  startup_stm32f407xx.o(.text)
    I2C1_ER_IRQHandler                       0x08000267   Thumb Code     0  startup_stm32f407xx.o(.text)
    I2C1_EV_IRQHandler                       0x08000267   Thumb Code     0  startup_stm32f407xx.o(.text)
    I2C2_ER_IRQHandler                       0x08000267   Thumb Code     0  startup_stm32f407xx.o(.text)
    I2C2_EV_IRQHandler                       0x08000267   Thumb Code     0  startup_stm32f407xx.o(.text)
    I2C3_ER_IRQHandler                       0x08000267   Thumb Code     0  startup_stm32f407xx.o(.text)
    I2C3_EV_IRQHandler                       0x08000267   Thumb Code     0  startup_stm32f407xx.o(.text)
    OTG_FS_IRQHandler                        0x08000267   Thumb Code     0  startup_stm32f407xx.o(.text)
    OTG_FS_WKUP_IRQHandler                   0x08000267   Thumb Code     0  startup_stm32f407xx.o(.text)
    OTG_HS_EP1_IN_IRQHandler                 0x08000267   Thumb Code     0  startup_stm32f407xx.o(.text)
    OTG_HS_EP1_OUT_IRQHandler                0x08000267   Thumb Code     0  startup_stm32f407xx.o(.text)
    OTG_HS_IRQHandler                        0x08000267   Thumb Code     0  startup_stm32f407xx.o(.text)
    OTG_HS_WKUP_IRQHandler                   0x08000267   Thumb Code     0  startup_stm32f407xx.o(.text)
    PVD_IRQHandler                           0x08000267   Thumb Code     0  startup_stm32f407xx.o(.text)
    RCC_IRQHandler                           0x08000267   Thumb Code     0  startup_stm32f407xx.o(.text)
    RTC_Alarm_IRQHandler                     0x08000267   Thumb Code     0  startup_stm32f407xx.o(.text)
    RTC_WKUP_IRQHandler                      0x08000267   Thumb Code     0  startup_stm32f407xx.o(.text)
    SDIO_IRQHandler                          0x08000267   Thumb Code     0  startup_stm32f407xx.o(.text)
    SPI1_IRQHandler                          0x08000267   Thumb Code     0  startup_stm32f407xx.o(.text)
    SPI2_IRQHandler                          0x08000267   Thumb Code     0  startup_stm32f407xx.o(.text)
    SPI3_IRQHandler                          0x08000267   Thumb Code     0  startup_stm32f407xx.o(.text)
    TAMP_STAMP_IRQHandler                    0x08000267   Thumb Code     0  startup_stm32f407xx.o(.text)
    TIM1_BRK_TIM9_IRQHandler                 0x08000267   Thumb Code     0  startup_stm32f407xx.o(.text)
    TIM1_CC_IRQHandler                       0x08000267   Thumb Code     0  startup_stm32f407xx.o(.text)
    TIM1_TRG_COM_TIM11_IRQHandler            0x08000267   Thumb Code     0  startup_stm32f407xx.o(.text)
    TIM1_UP_TIM10_IRQHandler                 0x08000267   Thumb Code     0  startup_stm32f407xx.o(.text)
    TIM2_IRQHandler                          0x08000267   Thumb Code     0  startup_stm32f407xx.o(.text)
    TIM3_IRQHandler                          0x08000267   Thumb Code     0  startup_stm32f407xx.o(.text)
    TIM4_IRQHandler                          0x08000267   Thumb Code     0  startup_stm32f407xx.o(.text)
    TIM5_IRQHandler                          0x08000267   Thumb Code     0  startup_stm32f407xx.o(.text)
    TIM6_DAC_IRQHandler                      0x08000267   Thumb Code     0  startup_stm32f407xx.o(.text)
    TIM7_IRQHandler                          0x08000267   Thumb Code     0  startup_stm32f407xx.o(.text)
    TIM8_BRK_TIM12_IRQHandler                0x08000267   Thumb Code     0  startup_stm32f407xx.o(.text)
    TIM8_CC_IRQHandler                       0x08000267   Thumb Code     0  startup_stm32f407xx.o(.text)
    TIM8_TRG_COM_TIM14_IRQHandler            0x08000267   Thumb Code     0  startup_stm32f407xx.o(.text)
    TIM8_UP_TIM13_IRQHandler                 0x08000267   Thumb Code     0  startup_stm32f407xx.o(.text)
    UART4_IRQHandler                         0x08000267   Thumb Code     0  startup_stm32f407xx.o(.text)
    UART5_IRQHandler                         0x08000267   Thumb Code     0  startup_stm32f407xx.o(.text)
    USART1_IRQHandler                        0x08000267   Thumb Code     0  startup_stm32f407xx.o(.text)
    USART2_IRQHandler                        0x08000267   Thumb Code     0  startup_stm32f407xx.o(.text)
    USART3_IRQHandler                        0x08000267   Thumb Code     0  startup_stm32f407xx.o(.text)
    USART6_IRQHandler                        0x08000267   Thumb Code     0  startup_stm32f407xx.o(.text)
    WWDG_IRQHandler                          0x08000267   Thumb Code     0  startup_stm32f407xx.o(.text)
    __user_initial_stackheap                 0x08000269   Thumb Code     0  startup_stm32f407xx.o(.text)
    __2snprintf                              0x0800028d   Thumb Code    48  noretval__2snprintf.o(.text)
    _printf_str                              0x080002c1   Thumb Code    82  _printf_str.o(.text)
    __printf                                 0x08000313   Thumb Code   270  __printf_wp.o(.text)
    __use_two_region_memory                  0x08000421   Thumb Code     2  heapauxi.o(.text)
    __rt_heap_escrow$2region                 0x08000423   Thumb Code     2  heapauxi.o(.text)
    __rt_heap_expand$2region                 0x08000425   Thumb Code     2  heapauxi.o(.text)
    __lib_sel_fp_printf                      0x08000427   Thumb Code     2  _printf_fp_dec.o(.text)
    _printf_fp_dec_real                      0x080005d5   Thumb Code   620  _printf_fp_dec.o(.text)
    _printf_char_common                      0x0800084b   Thumb Code    32  _printf_char_common.o(.text)
    _sputc                                   0x08000871   Thumb Code    10  _sputc.o(.text)
    _snputc                                  0x0800087b   Thumb Code    16  _snputc.o(.text)
    _printf_cs_common                        0x0800088b   Thumb Code    20  _printf_char.o(.text)
    _printf_char                             0x0800089f   Thumb Code    16  _printf_char.o(.text)
    _printf_string                           0x080008af   Thumb Code     8  _printf_char.o(.text)
    __rt_locale                              0x080008b9   Thumb Code     8  rt_locale_intlibspace.o(.text)
    _ll_udiv10                               0x080008c1   Thumb Code   138  lludiv10.o(.text)
    _printf_fp_infnan                        0x0800094d   Thumb Code   112  _printf_fp_infnan.o(.text)
    _btod_etento                             0x080009cd   Thumb Code   216  bigflt0.o(.text)
    __user_libspace                          0x08000aa9   Thumb Code     8  libspace.o(.text)
    __user_perproc_libspace                  0x08000aa9   Thumb Code     0  libspace.o(.text)
    __user_perthread_libspace                0x08000aa9   Thumb Code     0  libspace.o(.text)
    __user_setup_stackheap                   0x08000ab1   Thumb Code    74  sys_stackheap_outer.o(.text)
    exit                                     0x08000afb   Thumb Code    18  exit.o(.text)
    strcmp                                   0x08000b0d   Thumb Code   128  strcmpv7m.o(.text)
    _sys_exit                                0x08000b8d   Thumb Code     8  sys_exit.o(.text)
    __I$use$semihosting                      0x08000b99   Thumb Code     0  use_no_semi.o(.text)
    __use_no_semihosting_swi                 0x08000b99   Thumb Code     2  use_no_semi.o(.text)
    __semihosting_library_function           0x08000b9b   Thumb Code     0  indicate_semi.o(.text)
    _btod_d2e                                0x08000b9b   Thumb Code    62  btod.o(CL$$btod_d2e)
    _d2e_denorm_low                          0x08000bd9   Thumb Code    70  btod.o(CL$$btod_d2e_denorm_low)
    _d2e_norm_op1                            0x08000c1f   Thumb Code    96  btod.o(CL$$btod_d2e_norm_op1)
    __btod_div_common                        0x08000c7f   Thumb Code   696  btod.o(CL$$btod_div_common)
    _e2e                                     0x08000fb7   Thumb Code   198  btod.o(CL$$btod_e2e)
    _btod_ediv                               0x0800107d   Thumb Code    40  btod.o(CL$$btod_ediv)
    _btod_emul                               0x080010a5   Thumb Code    40  btod.o(CL$$btod_emul)
    __btod_mult_common                       0x080010cd   Thumb Code   580  btod.o(CL$$btod_mult_common)
    ADC_IRQHandler                           0x08001311   Thumb Code    32  multimeter.o(i.ADC_IRQHandler)
    EXTI15_10_IRQHandler                     0x08001339   Thumb Code    16  multimeter.o(i.EXTI15_10_IRQHandler)
    EXTI9_5_IRQHandler                       0x08001351   Thumb Code    52  multimeter.o(i.EXTI9_5_IRQHandler)
    PB_LCD_Clear                             0x08001391   Thumb Code    22  pb_lcd_drivers.o(i.PB_LCD_Clear)
    PB_LCD_GoToXY                            0x080013a7   Thumb Code    54  pb_lcd_drivers.o(i.PB_LCD_GoToXY)
    PB_LCD_Init                              0x080013dd   Thumb Code   272  pb_lcd_drivers.o(i.PB_LCD_Init)
    PB_LCD_IsBusy                            0x080014fd   Thumb Code   144  pb_lcd_drivers.o(i.PB_LCD_IsBusy)
    PB_LCD_Microdelay                        0x08001595   Thumb Code    66  pb_lcd_drivers.o(i.PB_LCD_Microdelay)
    PB_LCD_Set_As_Input                      0x080015e1   Thumb Code    32  pb_lcd_drivers.o(i.PB_LCD_Set_As_Input)
    PB_LCD_Set_As_Output                     0x08001601   Thumb Code    64  pb_lcd_drivers.o(i.PB_LCD_Set_As_Output)
    PB_LCD_Write                             0x08001641   Thumb Code   118  pb_lcd_drivers.o(i.PB_LCD_Write)
    PB_LCD_WriteString                       0x080016c1   Thumb Code    42  pb_lcd_drivers.o(i.PB_LCD_WriteString)
    SysTick_Handler                          0x080016ed   Thumb Code    12  multimeter.o(i.SysTick_Handler)
    SystemCoreClockUpdate                    0x080016fd   Thumb Code   170  system_stm32f4xx.o(i.SystemCoreClockUpdate)
    SystemInit                               0x080017bd   Thumb Code    82  system_stm32f4xx.o(i.SystemInit)
    __ARM_fpclassify                         0x08001821   Thumb Code    48  fpclassify.o(i.__ARM_fpclassify)
    _is_digit                                0x08001873   Thumb Code    14  __printf_wp.o(i._is_digit)
    initialise                               0x08001881   Thumb Code   252  multimeter.o(i.initialise)
    main                                     0x08001999   Thumb Code   636  multimeter.o(i.main)
    wait                                     0x08001cc5   Thumb Code    18  multimeter.o(i.wait)
    _get_lc_numeric                          0x08001cdd   Thumb Code    44  lc_numeric_c.o(locale$$code)
    __aeabi_dadd                             0x08001d09   Thumb Code     0  daddsub_clz.o(x$fpl$dadd)
    _dadd                                    0x08001d09   Thumb Code   332  daddsub_clz.o(x$fpl$dadd)
    __aeabi_ddiv                             0x08001e59   Thumb Code     0  ddiv.o(x$fpl$ddiv)
    _ddiv                                    0x08001e59   Thumb Code   552  ddiv.o(x$fpl$ddiv)
    __aeabi_ui2d                             0x08002109   Thumb Code     0  dflt_clz.o(x$fpl$dfltu)
    _dfltu                                   0x08002109   Thumb Code    38  dflt_clz.o(x$fpl$dfltu)
    __aeabi_dmul                             0x08002131   Thumb Code     0  dmul.o(x$fpl$dmul)
    _dmul                                    0x08002131   Thumb Code   332  dmul.o(x$fpl$dmul)
    __fpl_dnaninf                            0x08002285   Thumb Code   156  dnaninf.o(x$fpl$dnaninf)
    __fpl_dretinf                            0x08002321   Thumb Code    12  dretinf.o(x$fpl$dretinf)
    __aeabi_drsub                            0x0800232d   Thumb Code     0  daddsub_clz.o(x$fpl$drsb)
    _drsb                                    0x0800232d   Thumb Code    22  daddsub_clz.o(x$fpl$drsb)
    __aeabi_dsub                             0x08002345   Thumb Code     0  daddsub_clz.o(x$fpl$dsub)
    _dsub                                    0x08002345   Thumb Code   464  daddsub_clz.o(x$fpl$dsub)
    _fp_init                                 0x08002519   Thumb Code    10  fpinit.o(x$fpl$fpinit)
    __fplib_config_fpu_vfp                   0x08002521   Thumb Code     0  fpinit.o(x$fpl$fpinit)
    __fplib_config_pureend_doubles           0x08002521   Thumb Code     0  fpinit.o(x$fpl$fpinit)
    _printf_fp_dec                           0x08002523   Thumb Code     4  printf1.o(x$fpl$printf1)
    AHBPrescTable                            0x08002526   Data          16  system_stm32f4xx.o(.constdata)
    __I$use$fp                               0x08002526   Number         0  usenofp.o(x$fpl$usenofp)
    APBPrescTable                            0x08002536   Data           8  system_stm32f4xx.o(.constdata)
    Region$$Table$$Base                      0x080025d4   Number         0  anon$$obj.o(Region$$Table)
    Region$$Table$$Limit                     0x080025f4   Number         0  anon$$obj.o(Region$$Table)
    ticks                                    0x20000000   Data           4  multimeter.o(.data)
    ADC_result                               0x20000008   Data           8  multimeter.o(.data)
    resistance                               0x20000010   Data           8  multimeter.o(.data)
    voltage                                  0x20000018   Data           8  multimeter.o(.data)
    current                                  0x20000020   Data           8  multimeter.o(.data)
    mode                                     0x20000028   Data           4  multimeter.o(.data)
    str                                      0x2000002c   Data           4  multimeter.o(.data)
    SystemCoreClock                          0x20000030   Data           4  system_stm32f4xx.o(.data)
    buffer                                   0x20000034   Data          16  multimeter.o(.bss)
    __libspace_start                         0x20000044   Data          96  libspace.o(.bss)
    __temporary_stack_top$libspace           0x200000a4   Data           0  libspace.o(.bss)



==============================================================================

Memory Map of the image

  Image Entry point : 0x08000189

  Load Region LR_IROM1 (Base: 0x08000000, Size: 0x00002644, Max: 0x00100000, ABSOLUTE)

    Execution Region ER_IROM1 (Base: 0x08000000, Size: 0x00002610, Max: 0x00100000, ABSOLUTE)

    Base Addr    Size         Type   Attr      Idx    E Section Name        Object

    0x08000000   0x00000188   Data   RO         1076    RESET               startup_stm32f407xx.o
    0x08000188   0x00000008   Code   RO         1156  * !!!main             c_w.l(__main.o)
    0x08000190   0x00000034   Code   RO         1404    !!!scatter          c_w.l(__scatter.o)
    0x080001c4   0x0000001a   Code   RO         1406    !!handler_copy      c_w.l(__scatter_copy.o)
    0x080001de   0x00000002   PAD
    0x080001e0   0x0000001c   Code   RO         1408    !!handler_zi        c_w.l(__scatter_zi.o)
    0x080001fc   0x00000000   Code   RO         1153    .ARM.Collect$$_printf_percent$$00000000  c_w.l(_printf_percent.o)
    0x080001fc   0x00000006   Code   RO         1151    .ARM.Collect$$_printf_percent$$00000003  c_w.l(_printf_f.o)
    0x08000202   0x00000006   Code   RO         1152    .ARM.Collect$$_printf_percent$$00000005  c_w.l(_printf_g.o)
    0x08000208   0x00000006   Code   RO         1150    .ARM.Collect$$_printf_percent$$00000014  c_w.l(_printf_s.o)
    0x0800020e   0x00000004   Code   RO         1193    .ARM.Collect$$_printf_percent$$00000017  c_w.l(_printf_percent_end.o)
    0x08000212   0x00000002   Code   RO         1277    .ARM.Collect$$libinit$$00000000  c_w.l(libinit.o)
    0x08000214   0x00000004   Code   RO         1278    .ARM.Collect$$libinit$$00000001  c_w.l(libinit2.o)
    0x08000218   0x00000000   Code   RO         1281    .ARM.Collect$$libinit$$00000004  c_w.l(libinit2.o)
    0x08000218   0x00000000   Code   RO         1284    .ARM.Collect$$libinit$$0000000A  c_w.l(libinit2.o)
    0x08000218   0x00000000   Code   RO         1286    .ARM.Collect$$libinit$$0000000C  c_w.l(libinit2.o)
    0x08000218   0x00000000   Code   RO         1288    .ARM.Collect$$libinit$$0000000E  c_w.l(libinit2.o)
    0x08000218   0x00000006   Code   RO         1289    .ARM.Collect$$libinit$$0000000F  c_w.l(libinit2.o)
    0x0800021e   0x00000000   Code   RO         1291    .ARM.Collect$$libinit$$00000011  c_w.l(libinit2.o)
    0x0800021e   0x00000000   Code   RO         1293    .ARM.Collect$$libinit$$00000013  c_w.l(libinit2.o)
    0x0800021e   0x00000000   Code   RO         1295    .ARM.Collect$$libinit$$00000015  c_w.l(libinit2.o)
    0x0800021e   0x0000000a   Code   RO         1296    .ARM.Collect$$libinit$$00000016  c_w.l(libinit2.o)
    0x08000228   0x00000000   Code   RO         1297    .ARM.Collect$$libinit$$00000017  c_w.l(libinit2.o)
    0x08000228   0x00000000   Code   RO         1299    .ARM.Collect$$libinit$$00000019  c_w.l(libinit2.o)
    0x08000228   0x00000000   Code   RO         1301    .ARM.Collect$$libinit$$0000001B  c_w.l(libinit2.o)
    0x08000228   0x00000000   Code   RO         1303    .ARM.Collect$$libinit$$0000001D  c_w.l(libinit2.o)
    0x08000228   0x00000000   Code   RO         1305    .ARM.Collect$$libinit$$0000001F  c_w.l(libinit2.o)
    0x08000228   0x00000000   Code   RO         1307    .ARM.Collect$$libinit$$00000021  c_w.l(libinit2.o)
    0x08000228   0x00000000   Code   RO         1309    .ARM.Collect$$libinit$$00000023  c_w.l(libinit2.o)
    0x08000228   0x00000000   Code   RO         1311    .ARM.Collect$$libinit$$00000025  c_w.l(libinit2.o)
    0x08000228   0x00000000   Code   RO         1315    .ARM.Collect$$libinit$$0000002C  c_w.l(libinit2.o)
    0x08000228   0x00000000   Code   RO         1317    .ARM.Collect$$libinit$$0000002E  c_w.l(libinit2.o)
    0x08000228   0x00000000   Code   RO         1319    .ARM.Collect$$libinit$$00000030  c_w.l(libinit2.o)
    0x08000228   0x00000000   Code   RO         1321    .ARM.Collect$$libinit$$00000032  c_w.l(libinit2.o)
    0x08000228   0x00000002   Code   RO         1322    .ARM.Collect$$libinit$$00000033  c_w.l(libinit2.o)
    0x0800022a   0x00000002   Code   RO         1369    .ARM.Collect$$libshutdown$$00000000  c_w.l(libshutdown.o)
    0x0800022c   0x00000000   Code   RO         1387    .ARM.Collect$$libshutdown$$00000002  c_w.l(libshutdown2.o)
    0x0800022c   0x00000000   Code   RO         1389    .ARM.Collect$$libshutdown$$00000004  c_w.l(libshutdown2.o)
    0x0800022c   0x00000000   Code   RO         1392    .ARM.Collect$$libshutdown$$00000007  c_w.l(libshutdown2.o)
    0x0800022c   0x00000000   Code   RO         1395    .ARM.Collect$$libshutdown$$0000000A  c_w.l(libshutdown2.o)
    0x0800022c   0x00000000   Code   RO         1397    .ARM.Collect$$libshutdown$$0000000C  c_w.l(libshutdown2.o)
    0x0800022c   0x00000000   Code   RO         1400    .ARM.Collect$$libshutdown$$0000000F  c_w.l(libshutdown2.o)
    0x0800022c   0x00000002   Code   RO         1401    .ARM.Collect$$libshutdown$$00000010  c_w.l(libshutdown2.o)
    0x0800022e   0x00000000   Code   RO         1178    .ARM.Collect$$rtentry$$00000000  c_w.l(__rtentry.o)
    0x0800022e   0x00000000   Code   RO         1200    .ARM.Collect$$rtentry$$00000002  c_w.l(__rtentry2.o)
    0x0800022e   0x00000006   Code   RO         1212    .ARM.Collect$$rtentry$$00000004  c_w.l(__rtentry4.o)
    0x08000234   0x00000000   Code   RO         1202    .ARM.Collect$$rtentry$$00000009  c_w.l(__rtentry2.o)
    0x08000234   0x00000004   Code   RO         1203    .ARM.Collect$$rtentry$$0000000A  c_w.l(__rtentry2.o)
    0x08000238   0x00000000   Code   RO         1205    .ARM.Collect$$rtentry$$0000000C  c_w.l(__rtentry2.o)
    0x08000238   0x00000008   Code   RO         1206    .ARM.Collect$$rtentry$$0000000D  c_w.l(__rtentry2.o)
    0x08000240   0x00000002   Code   RO         1323    .ARM.Collect$$rtexit$$00000000  c_w.l(rtexit.o)
    0x08000242   0x00000000   Code   RO         1338    .ARM.Collect$$rtexit$$00000002  c_w.l(rtexit2.o)
    0x08000242   0x00000004   Code   RO         1339    .ARM.Collect$$rtexit$$00000003  c_w.l(rtexit2.o)
    0x08000246   0x00000006   Code   RO         1340    .ARM.Collect$$rtexit$$00000004  c_w.l(rtexit2.o)
    0x0800024c   0x00000040   Code   RO         1077    .text               startup_stm32f407xx.o
    0x0800028c   0x00000034   Code   RO         1124    .text               c_w.l(noretval__2snprintf.o)
    0x080002c0   0x00000052   Code   RO         1128    .text               c_w.l(_printf_str.o)
    0x08000312   0x0000010e   Code   RO         1138    .text               c_w.l(__printf_wp.o)
    0x08000420   0x00000006   Code   RO         1154    .text               c_w.l(heapauxi.o)
    0x08000426   0x0000041a   Code   RO         1183    .text               c_w.l(_printf_fp_dec.o)
    0x08000840   0x00000030   Code   RO         1185    .text               c_w.l(_printf_char_common.o)
    0x08000870   0x0000000a   Code   RO         1187    .text               c_w.l(_sputc.o)
    0x0800087a   0x00000010   Code   RO         1189    .text               c_w.l(_snputc.o)
    0x0800088a   0x0000002c   Code   RO         1191    .text               c_w.l(_printf_char.o)
    0x080008b6   0x00000002   PAD
    0x080008b8   0x00000008   Code   RO         1219    .text               c_w.l(rt_locale_intlibspace.o)
    0x080008c0   0x0000008a   Code   RO         1221    .text               c_w.l(lludiv10.o)
    0x0800094a   0x00000002   PAD
    0x0800094c   0x00000080   Code   RO         1223    .text               c_w.l(_printf_fp_infnan.o)
    0x080009cc   0x000000dc   Code   RO         1227    .text               c_w.l(bigflt0.o)
    0x08000aa8   0x00000008   Code   RO         1259    .text               c_w.l(libspace.o)
    0x08000ab0   0x0000004a   Code   RO         1262    .text               c_w.l(sys_stackheap_outer.o)
    0x08000afa   0x00000012   Code   RO         1264    .text               c_w.l(exit.o)
    0x08000b0c   0x00000080   Code   RO         1270    .text               c_w.l(strcmpv7m.o)
    0x08000b8c   0x0000000c   Code   RO         1335    .text               c_w.l(sys_exit.o)
    0x08000b98   0x00000002   Code   RO         1356    .text               c_w.l(use_no_semi.o)
    0x08000b9a   0x00000000   Code   RO         1358    .text               c_w.l(indicate_semi.o)
    0x08000b9a   0x0000003e   Code   RO         1230    CL$$btod_d2e        c_w.l(btod.o)
    0x08000bd8   0x00000046   Code   RO         1232    CL$$btod_d2e_denorm_low  c_w.l(btod.o)
    0x08000c1e   0x00000060   Code   RO         1231    CL$$btod_d2e_norm_op1  c_w.l(btod.o)
    0x08000c7e   0x00000338   Code   RO         1240    CL$$btod_div_common  c_w.l(btod.o)
    0x08000fb6   0x000000c6   Code   RO         1237    CL$$btod_e2e        c_w.l(btod.o)
    0x0800107c   0x00000028   Code   RO         1234    CL$$btod_ediv       c_w.l(btod.o)
    0x080010a4   0x00000028   Code   RO         1233    CL$$btod_emul       c_w.l(btod.o)
    0x080010cc   0x00000244   Code   RO         1239    CL$$btod_mult_common  c_w.l(btod.o)
    0x08001310   0x00000028   Code   RO            4    i.ADC_IRQHandler    multimeter.o
    0x08001338   0x00000018   Code   RO            6    i.EXTI15_10_IRQHandler  multimeter.o
    0x08001350   0x00000040   Code   RO            7    i.EXTI9_5_IRQHandler  multimeter.o
    0x08001390   0x00000016   Code   RO          115    i.PB_LCD_Clear      pb_lcd_drivers.o
    0x080013a6   0x00000036   Code   RO          116    i.PB_LCD_GoToXY     pb_lcd_drivers.o
    0x080013dc   0x00000120   Code   RO          117    i.PB_LCD_Init       pb_lcd_drivers.o
    0x080014fc   0x00000098   Code   RO          118    i.PB_LCD_IsBusy     pb_lcd_drivers.o
    0x08001594   0x0000004c   Code   RO          119    i.PB_LCD_Microdelay  pb_lcd_drivers.o
    0x080015e0   0x00000020   Code   RO          120    i.PB_LCD_Set_As_Input  pb_lcd_drivers.o
    0x08001600   0x00000040   Code   RO          121    i.PB_LCD_Set_As_Output  pb_lcd_drivers.o
    0x08001640   0x00000080   Code   RO          122    i.PB_LCD_Write      pb_lcd_drivers.o
    0x080016c0   0x0000002a   Code   RO          124    i.PB_LCD_WriteString  pb_lcd_drivers.o
    0x080016ea   0x00000002   PAD
    0x080016ec   0x00000010   Code   RO            8    i.SysTick_Handler   multimeter.o
    0x080016fc   0x000000c0   Code   RO         1084    i.SystemCoreClockUpdate  system_stm32f4xx.o
    0x080017bc   0x00000064   Code   RO         1085    i.SystemInit        system_stm32f4xx.o
    0x08001820   0x00000030   Code   RO         1257    i.__ARM_fpclassify  m_wm.l(fpclassify.o)
    0x08001850   0x00000022   Code   RO            9    i.__NVIC_EnableIRQ  multimeter.o
    0x08001872   0x0000000e   Code   RO         1140    i._is_digit         c_w.l(__printf_wp.o)
    0x08001880   0x00000118   Code   RO           10    i.initialise        multimeter.o
    0x08001998   0x0000032c   Code   RO           11    i.main              multimeter.o
    0x08001cc4   0x00000018   Code   RO           12    i.wait              multimeter.o
    0x08001cdc   0x0000002c   Code   RO         1253    locale$$code        c_w.l(lc_numeric_c.o)
    0x08001d08   0x00000150   Code   RO         1158    x$fpl$dadd          fz_wm.l(daddsub_clz.o)
    0x08001e58   0x000002b0   Code   RO         1165    x$fpl$ddiv          fz_wm.l(ddiv.o)
    0x08002108   0x00000026   Code   RO         1168    x$fpl$dfltu         fz_wm.l(dflt_clz.o)
    0x0800212e   0x00000002   PAD
    0x08002130   0x00000154   Code   RO         1174    x$fpl$dmul          fz_wm.l(dmul.o)
    0x08002284   0x0000009c   Code   RO         1194    x$fpl$dnaninf       fz_wm.l(dnaninf.o)
    0x08002320   0x0000000c   Code   RO         1196    x$fpl$dretinf       fz_wm.l(dretinf.o)
    0x0800232c   0x00000016   Code   RO         1159    x$fpl$drsb          fz_wm.l(daddsub_clz.o)
    0x08002342   0x00000002   PAD
    0x08002344   0x000001d4   Code   RO         1160    x$fpl$dsub          fz_wm.l(daddsub_clz.o)
    0x08002518   0x0000000a   Code   RO         1333    x$fpl$fpinit        fz_wm.l(fpinit.o)
    0x08002522   0x00000004   Code   RO         1176    x$fpl$printf1       fz_wm.l(printf1.o)
    0x08002526   0x00000000   Code   RO         1198    x$fpl$usenofp       fz_wm.l(usenofp.o)
    0x08002526   0x00000018   Data   RO         1086    .constdata          system_stm32f4xx.o
    0x0800253e   0x00000002   PAD
    0x08002540   0x00000094   Data   RO         1228    .constdata          c_w.l(bigflt0.o)
    0x080025d4   0x00000020   Data   RO         1402    Region$$Table       anon$$obj.o
    0x080025f4   0x0000001c   Data   RO         1252    locale$$data        c_w.l(lc_numeric_c.o)


    Execution Region RW_IRAM1 (Base: 0x20000000, Size: 0x000006a8, Max: 0x00020000, ABSOLUTE)

    Base Addr    Size         Type   Attr      Idx    E Section Name        Object

    0x20000000   0x00000030   Data   RW           14    .data               multimeter.o
    0x20000030   0x00000004   Data   RW         1087    .data               system_stm32f4xx.o
    0x20000034   0x00000010   Zero   RW           13    .bss                multimeter.o
    0x20000044   0x00000060   Zero   RW         1260    .bss                c_w.l(libspace.o)
    0x200000a4   0x00000004   PAD
    0x200000a8   0x00000200   Zero   RW         1075    HEAP                startup_stm32f407xx.o
    0x200002a8   0x00000400   Zero   RW         1074    STACK               startup_stm32f407xx.o


==============================================================================

Image component sizes


      Code (inc. data)   RO Data    RW Data    ZI Data      Debug   Object Name

      1294        242          0         48         16     598923   multimeter.o
       858         44          0          0          0     565454   pb_lcd_drivers.o
        64         26        392          0       1536        864   startup_stm32f407xx.o
       292         40         24          4          0       2051   system_stm32f4xx.o

    ----------------------------------------------------------------------
      2510        352        450         52       1552    1167292   Object Totals
         0          0         32          0          0          0   (incl. Generated)
         2          0          2          0          0          0   (incl. Padding)

    ----------------------------------------------------------------------

      Code (inc. data)   RO Data    RW Data    ZI Data      Debug   Library Member Name

         8          0          0          0          0         68   __main.o
       284          0          0          0          0        156   __printf_wp.o
         0          0          0          0          0          0   __rtentry.o
        12          0          0          0          0          0   __rtentry2.o
         6          0          0          0          0          0   __rtentry4.o
        52          8          0          0          0          0   __scatter.o
        26          0          0          0          0          0   __scatter_copy.o
        28          0          0          0          0          0   __scatter_zi.o
        44          0          0          0          0        108   _printf_char.o
        48          6          0          0          0         96   _printf_char_common.o
         6          0          0          0          0          0   _printf_f.o
      1050          0          0          0          0        216   _printf_fp_dec.o
       128         16          0          0          0         84   _printf_fp_infnan.o
         6          0          0          0          0          0   _printf_g.o
         0          0          0          0          0          0   _printf_percent.o
         4          0          0          0          0          0   _printf_percent_end.o
         6          0          0          0          0          0   _printf_s.o
        82          0          0          0          0         80   _printf_str.o
        16          0          0          0          0         68   _snputc.o
        10          0          0          0          0         68   _sputc.o
       220          4        148          0          0         96   bigflt0.o
      1910        128          0          0          0        672   btod.o
        18          0          0          0          0         80   exit.o
         6          0          0          0          0        152   heapauxi.o
         0          0          0          0          0          0   indicate_semi.o
        44         10         28          0          0         76   lc_numeric_c.o
         2          0          0          0          0          0   libinit.o
        22          0          0          0          0          0   libinit2.o
         2          0          0          0          0          0   libshutdown.o
         2          0          0          0          0          0   libshutdown2.o
         8          4          0          0         96         68   libspace.o
       138          0          0          0          0         80   lludiv10.o
        52          4          0          0          0         84   noretval__2snprintf.o
         8          4          0          0          0         68   rt_locale_intlibspace.o
         2          0          0          0          0          0   rtexit.o
        10          0          0          0          0          0   rtexit2.o
       128          0          0          0          0         68   strcmpv7m.o
        12          4          0          0          0         68   sys_exit.o
        74          0          0          0          0         80   sys_stackheap_outer.o
         2          0          0          0          0         68   use_no_semi.o
       826         16          0          0          0        492   daddsub_clz.o
       688        140          0          0          0        256   ddiv.o
        38          0          0          0          0        116   dflt_clz.o
       340         12          0          0          0        152   dmul.o
       156          4          0          0          0        140   dnaninf.o
        12          0          0          0          0        116   dretinf.o
        10          0          0          0          0        116   fpinit.o
         4          0          0          0          0        116   printf1.o
         0          0          0          0          0          0   usenofp.o
        48          0          0          0          0        124   fpclassify.o

    ----------------------------------------------------------------------
      6608        360        176          0        100       4232   Library Totals
        10          0          0          0          4          0   (incl. Padding)

    ----------------------------------------------------------------------

      Code (inc. data)   RO Data    RW Data    ZI Data      Debug   Library Name

      4476        188        176          0         96       2604   c_w.l
      2074        172          0          0          0       1504   fz_wm.l
        48          0          0          0          0        124   m_wm.l

    ----------------------------------------------------------------------
      6608        360        176          0        100       4232   Library Totals

    ----------------------------------------------------------------------

==============================================================================


      Code (inc. data)   RO Data    RW Data    ZI Data      Debug   

      9118        712        626         52       1652    1167720   Grand Totals
      9118        712        626         52       1652    1167720   ELF Image Totals
      9118        712        626         52          0          0   ROM Totals

==============================================================================

    Total RO  Size (Code + RO Data)                 9744 (   9.52kB)
    Total RW  Size (RW Data + ZI Data)              1704 (   1.66kB)
    Total ROM Size (Code + RO Data + RW Data)       9796 (   9.57kB)

==============================================================================

